E1: Root Tag(alloc3, t3)
E4: Write(t3)
E2: Reborrow(t4, t3, s4)
E5: Access(alloc3, 2, 0)
E2: Reborrow(t5, t4, s4)
E5: Access(alloc3, 3, 0)
E2: Reborrow(t6, t5, s4)
E5: Access(alloc3, 4, 0)
E2: Reborrow(t7, t6, s4)
E5: Access(alloc3, 5, 0)
E2: Reborrow(t8, t7, s4)
E1: Root Tag(alloc4, t10)
E4: Write(t10)
E4: Write(t10)
E4: Write(t10)
E3: Read(t10)
E3: Read(t10)
E3: Read(t10)
E1: Root Tag(alloc5, t9)
E4: Write(t9)
E4: Write(t9)
E4: Write(t9)
E4: Write(t9)
E4: Write(t9)
E4: Write(t9)
E4: Write(t9)
E4: Write(t9)
E4: Write(t9)
E4: Write(t9)
E4: Write(t9)
E4: Write(t9)
E4: Write(t9)
E4: Write(t9)
E4: Write(t9)
E4: Write(t9)
E4: Write(t9)
E4: Write(t9)
E4: Write(t9)
E4: Write(t9)
E4: Write(t9)
E4: Write(t9)
E4: Write(t9)
E4: Write(t9)
E4: Write(t9)
E4: Write(t9)
E4: Write(t9)
E4: Write(t9)
E4: Write(t9)
E4: Write(t9)
E4: Write(t9)
E4: Write(t9)
E4: Write(t9)
E4: Write(t9)
E4: Write(t9)
E4: Write(t9)
E4: Write(t9)
E4: Write(t9)
E4: Write(t9)
E4: Write(t9)
E4: Write(t9)
E4: Write(t9)
E4: Write(t9)
E4: Write(t9)
E4: Write(t9)
E4: Write(t9)
E4: Write(t9)
E4: Write(t9)
E4: Write(t9)
E4: Write(t9)
E4: Write(t9)
E4: Write(t9)
E4: Write(t9)
E4: Write(t9)
E4: Write(t9)
E4: Write(t9)
E4: Write(t9)
E4: Write(t9)
E4: Write(t9)
E4: Write(t9)
E4: Write(t9)
E4: Write(t9)
E4: Write(t9)
E4: Write(t9)
E4: Write(t9)
E4: Write(t9)
E4: Write(t9)
E4: Write(t9)
E4: Write(t9)
E4: Write(t9)
E4: Write(t9)
E4: Write(t9)
E4: Write(t9)
E4: Write(t9)
E4: Write(t9)
E4: Write(t9)
E4: Write(t9)
E4: Write(t9)
E1: Root Tag(alloc6, t12)
E4: Write(t12)
E1: Root Tag(alloc7, t11)
E2: Reborrow(t13, t12, s16)
E4: Write(t11)
E5: Access(alloc6, 2, 0)
E2: Reborrow(t14, t13, s16)
E2: Reborrow(t15, t11, s8)
E3: Read(t9)
E5: Access(alloc7, 2, 0)
E2: Reborrow(t16, t15, s8)
E3: Read(t16)
E5: Access(alloc7, 3, 0)
E5: Access(alloc6, 3, 0)
E2: Reborrow(t17, t14, s16)
E5: Access(alloc6, 4, 0)
E2: Reborrow(t18, t17, s16)
E3: Read(t18)
E5: Access(alloc6, 5, 0)
E4: Write(t18)
E5: Access(alloc6, 5, 0)
E5: Access(alloc6, 5, 0)
E5: Access(alloc7, 3, 0)
E5: Access(alloc7, 3, 0)
E2: Reborrow(t19, t11, s8)
E3: Read(t9)
E5: Access(alloc7, 2, 1)
E2: Reborrow(t20, t19, s8)
E3: Read(t20)
E5: Access(alloc7, 3, 1)
E5: Access(alloc6, 5, 0)
E2: Reborrow(t21, t14, s16)
E5: Access(alloc6, 4, 1)
E2: Reborrow(t22, t21, s16)
E3: Read(t22)
E5: Access(alloc6, 5, 1)
E4: Write(t22)
E5: Access(alloc6, 7, 0)
E5: Access(alloc6, 5, 1)
E5: Access(alloc7, 3, 1)
E5: Access(alloc7, 3, 1)
E2: Reborrow(t23, t11, s8)
E3: Read(t9)
E5: Access(alloc7, 2, 2)
E2: Reborrow(t24, t23, s8)
E3: Read(t24)
E5: Access(alloc7, 3, 2)
E5: Access(alloc6, 5, 1)
E2: Reborrow(t25, t14, s16)
E5: Access(alloc6, 4, 2)
E2: Reborrow(t26, t25, s16)
E3: Read(t26)
E5: Access(alloc6, 5, 2)
E4: Write(t26)
E5: Access(alloc6, 7, 1)
E5: Access(alloc6, 5, 2)
E5: Access(alloc7, 3, 2)
E5: Access(alloc7, 3, 2)
E2: Reborrow(t27, t11, s8)
E3: Read(t9)
E5: Access(alloc7, 2, 3)
E2: Reborrow(t28, t27, s8)
E3: Read(t28)
E5: Access(alloc7, 3, 3)
E5: Access(alloc6, 5, 2)
E2: Reborrow(t29, t14, s16)
E5: Access(alloc6, 4, 3)
E2: Reborrow(t30, t29, s16)
E3: Read(t30)
E5: Access(alloc6, 5, 3)
E4: Write(t30)
E5: Access(alloc6, 7, 2)
E5: Access(alloc6, 5, 3)
E5: Access(alloc7, 3, 3)
E5: Access(alloc7, 3, 3)
E2: Reborrow(t31, t11, s8)
E3: Read(t9)
E5: Access(alloc7, 2, 4)
E2: Reborrow(t32, t31, s8)
E3: Read(t32)
E5: Access(alloc7, 3, 4)
E5: Access(alloc6, 5, 3)
E2: Reborrow(t33, t14, s16)
E5: Access(alloc6, 4, 4)
E2: Reborrow(t34, t33, s16)
E3: Read(t34)
E5: Access(alloc6, 5, 4)
E4: Write(t34)
E5: Access(alloc6, 7, 3)
E5: Access(alloc6, 5, 4)
E5: Access(alloc7, 3, 4)
E5: Access(alloc7, 3, 4)
E2: Reborrow(t35, t11, s8)
E3: Read(t9)
E5: Access(alloc7, 2, 5)
E2: Reborrow(t36, t35, s8)
E3: Read(t36)
E5: Access(alloc7, 3, 5)
E5: Access(alloc6, 5, 4)
E2: Reborrow(t37, t14, s16)
E5: Access(alloc6, 4, 5)
E2: Reborrow(t38, t37, s16)
E3: Read(t38)
E5: Access(alloc6, 5, 5)
E4: Write(t38)
E5: Access(alloc6, 7, 4)
E5: Access(alloc6, 5, 5)
E5: Access(alloc7, 3, 5)
E5: Access(alloc7, 3, 5)
E2: Reborrow(t39, t11, s8)
E3: Read(t9)
E5: Access(alloc7, 2, 6)
E2: Reborrow(t40, t39, s8)
E3: Read(t40)
E5: Access(alloc7, 3, 6)
E5: Access(alloc6, 5, 5)
E2: Reborrow(t41, t14, s16)
E5: Access(alloc6, 4, 6)
E2: Reborrow(t42, t41, s16)
E3: Read(t42)
E5: Access(alloc6, 5, 6)
E4: Write(t42)
E5: Access(alloc6, 7, 5)
E5: Access(alloc6, 5, 6)
E5: Access(alloc7, 3, 6)
E5: Access(alloc7, 3, 6)
E2: Reborrow(t43, t11, s8)
E3: Read(t9)
E5: Access(alloc7, 2, 7)
E2: Reborrow(t44, t43, s8)
E5: Access(alloc7, 3, 7)
E5: Access(alloc7, 3, 7)
E2: Reborrow(t45, t11, s8)
E3: Read(t9)
E5: Access(alloc7, 2, 8)
E2: Reborrow(t46, t45, s8)
E3: Read(t46)
E5: Access(alloc7, 3, 8)
E5: Access(alloc6, 5, 6)
E2: Reborrow(t47, t14, s16)
E5: Access(alloc6, 4, 7)
E2: Reborrow(t48, t47, s16)
E3: Read(t48)
E5: Access(alloc6, 5, 7)
E4: Write(t48)
E5: Access(alloc6, 7, 6)
E5: Access(alloc6, 5, 7)
E5: Access(alloc7, 3, 8)
E3: Read(t9)
E5: Access(alloc7, 3, 8)
E2: Reborrow(t49, t11, s8)
E5: Access(alloc7, 2, 9)
E2: Reborrow(t50, t49, s8)
E3: Read(t50)
E5: Access(alloc7, 3, 9)
E5: Access(alloc6, 5, 7)
E2: Reborrow(t51, t14, s16)
E5: Access(alloc6, 4, 8)
E2: Reborrow(t52, t51, s16)
E3: Read(t52)
E5: Access(alloc6, 5, 8)
E4: Write(t52)
E5: Access(alloc6, 7, 7)
E5: Access(alloc6, 5, 8)
E5: Access(alloc7, 3, 9)
E5: Access(alloc7, 3, 9)
E2: Reborrow(t53, t11, s8)
E3: Read(t9)
E5: Access(alloc7, 2, 10)
E2: Reborrow(t54, t53, s8)
E5: Access(alloc7, 3, 10)
E5: Access(alloc7, 3, 10)
E2: Reborrow(t55, t11, s8)
E3: Read(t9)
E5: Access(alloc7, 2, 11)
E2: Reborrow(t56, t55, s8)
E3: Read(t56)
E5: Access(alloc7, 3, 11)
E5: Access(alloc6, 5, 8)
E2: Reborrow(t57, t14, s16)
E5: Access(alloc6, 4, 9)
E2: Reborrow(t58, t57, s16)
E3: Read(t58)
E5: Access(alloc6, 5, 9)
E4: Write(t58)
E5: Access(alloc6, 7, 8)
E5: Access(alloc6, 5, 9)
E5: Access(alloc7, 3, 11)
E5: Access(alloc7, 3, 11)
E2: Reborrow(t59, t11, s8)
E3: Read(t9)
E5: Access(alloc7, 2, 12)
E2: Reborrow(t60, t59, s8)
E3: Read(t60)
E5: Access(alloc7, 3, 12)
E5: Access(alloc6, 5, 9)
E2: Reborrow(t61, t14, s16)
E5: Access(alloc6, 4, 10)
E2: Reborrow(t62, t61, s16)
E3: Read(t62)
E5: Access(alloc6, 5, 10)
E4: Write(t62)
E5: Access(alloc6, 7, 9)
E5: Access(alloc6, 5, 10)
E5: Access(alloc7, 3, 12)
E5: Access(alloc7, 3, 12)
E2: Reborrow(t63, t11, s8)
E3: Read(t9)
E5: Access(alloc7, 2, 13)
E2: Reborrow(t64, t63, s8)
E3: Read(t64)
E5: Access(alloc7, 3, 13)
E5: Access(alloc6, 5, 10)
E2: Reborrow(t65, t14, s16)
E5: Access(alloc6, 4, 11)
E2: Reborrow(t66, t65, s16)
E3: Read(t66)
E5: Access(alloc6, 5, 11)
E4: Write(t66)
E5: Access(alloc6, 7, 10)
E5: Access(alloc6, 5, 11)
E5: Access(alloc7, 3, 13)
E5: Access(alloc7, 3, 13)
E2: Reborrow(t67, t11, s8)
E3: Read(t9)
E5: Access(alloc7, 2, 14)
E2: Reborrow(t68, t67, s8)
E5: Access(alloc7, 3, 14)
E5: Access(alloc7, 3, 14)
E2: Reborrow(t69, t11, s8)
E3: Read(t9)
E5: Access(alloc7, 2, 15)
E2: Reborrow(t70, t69, s8)
E3: Read(t70)
E5: Access(alloc7, 3, 15)
E5: Access(alloc6, 5, 11)
E2: Reborrow(t71, t14, s16)
E5: Access(alloc6, 4, 12)
E2: Reborrow(t72, t71, s16)
E3: Read(t72)
E5: Access(alloc6, 5, 12)
E4: Write(t72)
E5: Access(alloc6, 7, 11)
E5: Access(alloc6, 5, 12)
E5: Access(alloc7, 3, 15)
E5: Access(alloc7, 3, 15)
E2: Reborrow(t73, t11, s8)
E3: Read(t9)
E5: Access(alloc7, 2, 16)
E2: Reborrow(t74, t73, s8)
E3: Read(t74)
E5: Access(alloc7, 3, 16)
E5: Access(alloc6, 5, 12)
E2: Reborrow(t75, t14, s16)
E5: Access(alloc6, 4, 13)
E2: Reborrow(t76, t75, s16)
E3: Read(t76)
E5: Access(alloc6, 5, 13)
E4: Write(t76)
E5: Access(alloc6, 7, 12)
E5: Access(alloc6, 5, 13)
E5: Access(alloc7, 3, 16)
E5: Access(alloc7, 3, 16)
E2: Reborrow(t77, t11, s8)
E3: Read(t9)
E5: Access(alloc7, 2, 17)
E2: Reborrow(t78, t77, s8)
E3: Read(t78)
E5: Access(alloc7, 3, 17)
E5: Access(alloc6, 5, 13)
E2: Reborrow(t79, t14, s16)
E5: Access(alloc6, 4, 14)
E2: Reborrow(t80, t79, s16)
E3: Read(t80)
E5: Access(alloc6, 5, 14)
E4: Write(t80)
E5: Access(alloc6, 7, 13)
E5: Access(alloc6, 5, 14)
E5: Access(alloc7, 3, 17)
E5: Access(alloc7, 3, 17)
E2: Reborrow(t81, t11, s8)
E3: Read(t9)
E5: Access(alloc7, 2, 18)
E2: Reborrow(t82, t81, s8)
E3: Read(t82)
E5: Access(alloc7, 3, 18)
E5: Access(alloc6, 5, 14)
E2: Reborrow(t83, t14, s16)
E5: Access(alloc6, 4, 15)
E2: Reborrow(t84, t83, s16)
E3: Read(t84)
E5: Access(alloc6, 5, 15)
E4: Write(t84)
E5: Access(alloc6, 7, 14)
E5: Access(alloc6, 5, 15)
E5: Access(alloc7, 3, 18)
E5: Access(alloc7, 3, 18)
E2: Reborrow(t85, t11, s8)
E3: Read(t9)
E5: Access(alloc7, 2, 19)
E2: Reborrow(t86, t85, s8)
E3: Read(t86)
E5: Access(alloc7, 3, 19)
E5: Access(alloc6, 5, 15)
E2: Reborrow(t87, t14, s16)
E5: Access(alloc6, 4, 16)
E2: Reborrow(t88, t87, s16)
E3: Read(t88)
E5: Access(alloc6, 5, 16)
E4: Write(t88)
E5: Access(alloc6, 7, 15)
E5: Access(alloc6, 5, 16)
E5: Access(alloc7, 3, 19)
E5: Access(alloc7, 3, 19)
E2: Reborrow(t89, t11, s8)
E3: Read(t9)
E5: Access(alloc7, 2, 20)
E2: Reborrow(t90, t89, s8)
E5: Access(alloc7, 3, 20)
E5: Access(alloc7, 3, 20)
E2: Reborrow(t91, t11, s8)
E3: Read(t9)
E5: Access(alloc7, 2, 21)
E2: Reborrow(t92, t91, s8)
E3: Read(t92)
E5: Access(alloc7, 3, 21)
E5: Access(alloc6, 5, 16)
E2: Reborrow(t93, t14, s16)
E5: Access(alloc6, 4, 17)
E2: Reborrow(t94, t93, s16)
E3: Read(t94)
E5: Access(alloc6, 5, 17)
E4: Write(t94)
E5: Access(alloc6, 7, 16)
E5: Access(alloc6, 5, 17)
E5: Access(alloc7, 3, 21)
E5: Access(alloc7, 3, 21)
E2: Reborrow(t95, t11, s8)
E3: Read(t9)
E5: Access(alloc7, 2, 22)
E2: Reborrow(t96, t95, s8)
E5: Access(alloc7, 3, 22)
E5: Access(alloc7, 3, 22)
E2: Reborrow(t97, t11, s8)
E3: Read(t9)
E5: Access(alloc7, 2, 23)
E2: Reborrow(t98, t97, s8)
E3: Read(t98)
E5: Access(alloc7, 3, 23)
E5: Access(alloc6, 5, 17)
E2: Reborrow(t99, t14, s16)
E5: Access(alloc6, 4, 18)
E2: Reborrow(t100, t99, s16)
E3: Read(t100)
E5: Access(alloc6, 5, 18)
E4: Write(t100)
E5: Access(alloc6, 7, 17)
E5: Access(alloc6, 5, 18)
E5: Access(alloc7, 3, 23)
E5: Access(alloc7, 3, 23)
E2: Reborrow(t101, t11, s8)
E3: Read(t9)
E5: Access(alloc7, 2, 24)
E2: Reborrow(t102, t101, s8)
E3: Read(t102)
E5: Access(alloc7, 3, 24)
E5: Access(alloc6, 5, 18)
E2: Reborrow(t103, t14, s16)
E5: Access(alloc6, 4, 19)
E2: Reborrow(t104, t103, s16)
E3: Read(t104)
E5: Access(alloc6, 5, 19)
E4: Write(t104)
E5: Access(alloc6, 7, 18)
E5: Access(alloc6, 5, 19)
E5: Access(alloc7, 3, 24)
E5: Access(alloc7, 3, 24)
E2: Reborrow(t105, t11, s8)
E3: Read(t9)
E5: Access(alloc7, 2, 25)
E2: Reborrow(t106, t105, s8)
E3: Read(t106)
E5: Access(alloc7, 3, 25)
E5: Access(alloc6, 5, 19)
E2: Reborrow(t107, t14, s16)
E5: Access(alloc6, 4, 20)
E2: Reborrow(t108, t107, s16)
E3: Read(t108)
E5: Access(alloc6, 5, 20)
E4: Write(t108)
E5: Access(alloc6, 7, 19)
E5: Access(alloc6, 5, 20)
E5: Access(alloc7, 3, 25)
E5: Access(alloc7, 3, 25)
E2: Reborrow(t109, t11, s8)
E3: Read(t9)
E5: Access(alloc7, 2, 26)
E2: Reborrow(t110, t109, s8)
E3: Read(t110)
E5: Access(alloc7, 3, 26)
E5: Access(alloc6, 5, 20)
E2: Reborrow(t111, t14, s16)
E5: Access(alloc6, 4, 21)
E2: Reborrow(t112, t111, s16)
E3: Read(t112)
E5: Access(alloc6, 5, 21)
E4: Write(t112)
E5: Access(alloc6, 7, 20)
E5: Access(alloc6, 5, 21)
E5: Access(alloc7, 3, 26)
E5: Access(alloc7, 3, 26)
E2: Reborrow(t113, t11, s8)
E3: Read(t9)
E5: Access(alloc7, 2, 27)
E2: Reborrow(t114, t113, s8)
E3: Read(t114)
E5: Access(alloc7, 3, 27)
E5: Access(alloc6, 5, 21)
E2: Reborrow(t115, t14, s16)
E5: Access(alloc6, 4, 22)
E2: Reborrow(t116, t115, s16)
E3: Read(t116)
E5: Access(alloc6, 5, 22)
E4: Write(t116)
E5: Access(alloc6, 7, 21)
E5: Access(alloc6, 5, 22)
E5: Access(alloc7, 3, 27)
E5: Access(alloc7, 3, 27)
E2: Reborrow(t117, t11, s8)
E3: Read(t9)
E5: Access(alloc7, 2, 28)
E2: Reborrow(t118, t117, s8)
E3: Read(t118)
E5: Access(alloc7, 3, 28)
E5: Access(alloc6, 5, 22)
E2: Reborrow(t119, t14, s16)
E5: Access(alloc6, 4, 23)
E2: Reborrow(t120, t119, s16)
E3: Read(t120)
E5: Access(alloc6, 5, 23)
E4: Write(t120)
E5: Access(alloc6, 7, 22)
E5: Access(alloc6, 5, 23)
E5: Access(alloc7, 3, 28)
E3: Read(t9)
E3: Read(t9)
E5: Access(alloc7, 3, 28)
E2: Reborrow(t121, t11, s8)
E5: Access(alloc7, 2, 29)
E2: Reborrow(t122, t121, s8)
E3: Read(t122)
E5: Access(alloc7, 3, 29)
E5: Access(alloc6, 5, 23)
E2: Reborrow(t123, t14, s16)
E5: Access(alloc6, 4, 24)
E2: Reborrow(t124, t123, s16)
E3: Read(t124)
E5: Access(alloc6, 5, 24)
E4: Write(t124)
E5: Access(alloc6, 7, 23)
E5: Access(alloc6, 5, 24)
E5: Access(alloc7, 3, 29)
E5: Access(alloc7, 3, 29)
E2: Reborrow(t125, t11, s8)
E3: Read(t9)
E5: Access(alloc7, 2, 30)
E2: Reborrow(t126, t125, s8)
E3: Read(t126)
E5: Access(alloc7, 3, 30)
E5: Access(alloc6, 5, 24)
E2: Reborrow(t127, t14, s16)
E5: Access(alloc6, 4, 25)
E2: Reborrow(t128, t127, s16)
E3: Read(t128)
E5: Access(alloc6, 5, 25)
E4: Write(t128)
E5: Access(alloc6, 7, 24)
E5: Access(alloc6, 5, 25)
E5: Access(alloc7, 3, 30)
E5: Access(alloc7, 3, 30)
E2: Reborrow(t129, t11, s8)
E3: Read(t9)
E5: Access(alloc7, 2, 31)
E2: Reborrow(t130, t129, s8)
E5: Access(alloc7, 3, 31)
E5: Access(alloc7, 3, 31)
E2: Reborrow(t131, t11, s8)
E3: Read(t9)
E5: Access(alloc7, 2, 32)
E2: Reborrow(t132, t131, s8)
E5: Access(alloc7, 3, 32)
E5: Access(alloc7, 3, 32)
E2: Reborrow(t133, t11, s8)
E3: Read(t9)
E5: Access(alloc7, 2, 33)
E2: Reborrow(t134, t133, s8)
E5: Access(alloc7, 3, 33)
E5: Access(alloc7, 3, 33)
E2: Reborrow(t135, t11, s8)
E3: Read(t9)
E5: Access(alloc7, 2, 34)
E2: Reborrow(t136, t135, s8)
E3: Read(t136)
E5: Access(alloc7, 3, 34)
E5: Access(alloc6, 5, 25)
E2: Reborrow(t137, t14, s16)
E5: Access(alloc6, 4, 26)
E2: Reborrow(t138, t137, s16)
E3: Read(t138)
E5: Access(alloc6, 5, 26)
E4: Write(t138)
E5: Access(alloc6, 7, 25)
E5: Access(alloc6, 5, 26)
E5: Access(alloc7, 3, 34)
E5: Access(alloc7, 3, 34)
E2: Reborrow(t139, t11, s8)
E3: Read(t9)
E3: Read(t9)
E5: Access(alloc7, 2, 35)
E2: Reborrow(t140, t139, s8)
E3: Read(t140)
E5: Access(alloc7, 3, 35)
E5: Access(alloc6, 5, 26)
E2: Reborrow(t141, t14, s16)
E5: Access(alloc6, 4, 27)
E2: Reborrow(t142, t141, s16)
E3: Read(t142)
E5: Access(alloc6, 5, 27)
E4: Write(t142)
E5: Access(alloc6, 7, 26)
E5: Access(alloc6, 5, 27)
E5: Access(alloc7, 3, 35)
E5: Access(alloc7, 3, 35)
E2: Reborrow(t143, t11, s8)
E3: Read(t9)
E3: Read(t9)
E5: Access(alloc7, 2, 36)
E2: Reborrow(t144, t143, s8)
E3: Read(t144)
E5: Access(alloc7, 3, 36)
E5: Access(alloc6, 5, 27)
E2: Reborrow(t145, t14, s16)
E5: Access(alloc6, 4, 28)
E2: Reborrow(t146, t145, s16)
E3: Read(t146)
E5: Access(alloc6, 5, 28)
E4: Write(t146)
E5: Access(alloc6, 7, 27)
E5: Access(alloc6, 5, 28)
E5: Access(alloc7, 3, 36)
E5: Access(alloc7, 3, 36)
E2: Reborrow(t147, t11, s8)
E3: Read(t9)
E3: Read(t9)
E5: Access(alloc7, 2, 37)
E2: Reborrow(t148, t147, s8)
E5: Access(alloc7, 3, 37)
E3: Read(t9)
E5: Access(alloc7, 3, 37)
E2: Reborrow(t149, t11, s8)
E5: Access(alloc7, 2, 38)
E2: Reborrow(t150, t149, s8)
E5: Access(alloc7, 3, 38)
E5: Access(alloc7, 3, 38)
E2: Reborrow(t151, t11, s8)
E3: Read(t9)
E5: Access(alloc7, 2, 39)
E2: Reborrow(t152, t151, s8)
E5: Access(alloc7, 3, 39)
E5: Access(alloc7, 3, 39)
E2: Reborrow(t153, t11, s8)
E3: Read(t9)
E3: Read(t9)
E5: Access(alloc7, 2, 40)
E2: Reborrow(t154, t153, s8)
E5: Access(alloc7, 3, 40)
E5: Access(alloc7, 3, 40)
E2: Reborrow(t155, t11, s8)
E3: Read(t9)
E5: Access(alloc7, 2, 41)
E2: Reborrow(t156, t155, s8)
E5: Access(alloc7, 3, 41)
E5: Access(alloc7, 3, 41)
E2: Reborrow(t157, t11, s8)
E3: Read(t9)
E5: Access(alloc7, 2, 42)
E2: Reborrow(t158, t157, s8)
E5: Access(alloc7, 3, 42)
E5: Access(alloc7, 3, 42)
E2: Reborrow(t159, t11, s8)
E3: Read(t9)
E5: Access(alloc7, 2, 43)
E2: Reborrow(t160, t159, s8)
E5: Access(alloc7, 3, 43)
E5: Access(alloc7, 3, 43)
E2: Reborrow(t161, t11, s8)
E3: Read(t9)
E5: Access(alloc7, 2, 44)
E2: Reborrow(t162, t161, s8)
E5: Access(alloc7, 3, 44)
E5: Access(alloc7, 3, 44)
E2: Reborrow(t163, t11, s8)
E3: Read(t9)
E5: Access(alloc7, 2, 45)
E2: Reborrow(t164, t163, s8)
E5: Access(alloc7, 3, 45)
E5: Access(alloc7, 3, 45)
E2: Reborrow(t165, t11, s8)
E3: Read(t9)
E5: Access(alloc7, 2, 46)
E2: Reborrow(t166, t165, s8)
E5: Access(alloc7, 3, 46)
E5: Access(alloc7, 3, 46)
E2: Reborrow(t167, t11, s8)
E3: Read(t9)
E5: Access(alloc7, 2, 47)
E2: Reborrow(t168, t167, s8)
E5: Access(alloc7, 3, 47)
E5: Access(alloc7, 3, 47)
E2: Reborrow(t169, t11, s8)
E3: Read(t9)
E5: Access(alloc7, 2, 48)
E2: Reborrow(t170, t169, s8)
E5: Access(alloc7, 3, 48)
E5: Access(alloc7, 3, 48)
E2: Reborrow(t171, t11, s8)
E3: Read(t9)
E5: Access(alloc7, 2, 49)
E2: Reborrow(t172, t171, s8)
E5: Access(alloc7, 3, 49)
E5: Access(alloc7, 3, 49)
E2: Reborrow(t173, t11, s8)
E3: Read(t9)
E5: Access(alloc7, 2, 50)
E2: Reborrow(t174, t173, s8)
E5: Access(alloc7, 3, 50)
E5: Access(alloc7, 3, 50)
E2: Reborrow(t175, t11, s8)
E3: Read(t9)
E5: Access(alloc7, 2, 51)
E2: Reborrow(t176, t175, s8)
E5: Access(alloc7, 3, 51)
E3: Read(t9)
E5: Access(alloc7, 3, 51)
E2: Reborrow(t177, t11, s8)
E5: Access(alloc7, 2, 52)
E2: Reborrow(t178, t177, s8)
E5: Access(alloc7, 3, 52)
E3: Read(t9)
E5: Access(alloc7, 3, 52)
E2: Reborrow(t179, t11, s8)
E5: Access(alloc7, 2, 53)
E2: Reborrow(t180, t179, s8)
E5: Access(alloc7, 3, 53)
E3: Read(t9)
E5: Access(alloc7, 3, 53)
E2: Reborrow(t181, t11, s8)
E5: Access(alloc7, 2, 54)
E2: Reborrow(t182, t181, s8)
E5: Access(alloc7, 3, 54)
E5: Access(alloc7, 3, 54)
E2: Reborrow(t183, t11, s8)
E3: Read(t9)
E5: Access(alloc7, 2, 55)
E2: Reborrow(t184, t183, s8)
E5: Access(alloc7, 3, 55)
E5: Access(alloc7, 3, 55)
E2: Reborrow(t185, t11, s8)
E3: Read(t9)
E5: Access(alloc7, 2, 56)
E2: Reborrow(t186, t185, s8)
E5: Access(alloc7, 3, 56)
E3: Read(t9)
E5: Access(alloc7, 3, 56)
E2: Reborrow(t187, t11, s8)
E5: Access(alloc7, 2, 57)
E2: Reborrow(t188, t187, s8)
E5: Access(alloc7, 3, 57)
E5: Access(alloc7, 3, 57)
E2: Reborrow(t189, t11, s8)
E3: Read(t9)
E5: Access(alloc7, 2, 58)
E2: Reborrow(t190, t189, s8)
E5: Access(alloc7, 3, 58)
E5: Access(alloc7, 3, 58)
E2: Reborrow(t191, t11, s8)
E3: Read(t9)
E5: Access(alloc7, 2, 59)
E2: Reborrow(t192, t191, s8)
E5: Access(alloc7, 3, 59)
E5: Access(alloc7, 3, 59)
E2: Reborrow(t193, t11, s8)
E3: Read(t9)
E5: Access(alloc7, 2, 60)
E2: Reborrow(t194, t193, s8)
E5: Access(alloc7, 3, 60)
E3: Read(t9)
E5: Access(alloc7, 3, 60)
E2: Reborrow(t195, t11, s8)
E5: Access(alloc7, 2, 61)
E2: Reborrow(t196, t195, s8)
E5: Access(alloc7, 3, 61)
E5: Access(alloc7, 3, 61)
E2: Reborrow(t197, t11, s8)
E3: Read(t9)
E5: Access(alloc7, 2, 62)
E2: Reborrow(t198, t197, s8)
E5: Access(alloc7, 3, 62)
E5: Access(alloc7, 3, 62)
E2: Reborrow(t199, t11, s8)
E5: Access(alloc7, 2, 63)
E2: Reborrow(t200, t199, s8)
E5: Access(alloc7, 3, 63)
E5: Access(alloc7, 3, 63)
E2: Reborrow(t201, t11, s8)
E3: Read(t9)
E5: Access(alloc7, 2, 64)
E2: Reborrow(t202, t201, s8)
E5: Access(alloc7, 3, 64)
E5: Access(alloc7, 3, 64)
E2: Reborrow(t203, t11, s8)
E3: Read(t9)
E5: Access(alloc7, 2, 65)
E2: Reborrow(t204, t203, s8)
E5: Access(alloc7, 3, 65)
E3: Read(t9)
E5: Access(alloc7, 3, 65)
E2: Reborrow(t205, t11, s8)
E5: Access(alloc7, 2, 66)
E2: Reborrow(t206, t205, s8)
E5: Access(alloc7, 3, 66)
E5: Access(alloc7, 3, 66)
E2: Reborrow(t207, t11, s8)
E3: Read(t9)
E5: Access(alloc7, 2, 67)
E2: Reborrow(t208, t207, s8)
E5: Access(alloc7, 3, 67)
E3: Read(t9)
E5: Access(alloc7, 3, 67)
E2: Reborrow(t209, t11, s8)
E5: Access(alloc7, 2, 68)
E2: Reborrow(t210, t209, s8)
E5: Access(alloc7, 3, 68)
E3: Read(t9)
E5: Access(alloc7, 3, 68)
E2: Reborrow(t211, t11, s8)
E5: Access(alloc7, 2, 69)
E2: Reborrow(t212, t211, s8)
E5: Access(alloc7, 3, 69)
E5: Access(alloc7, 3, 69)
E2: Reborrow(t213, t11, s8)
E3: Read(t9)
E5: Access(alloc7, 2, 70)
E2: Reborrow(t214, t213, s8)
E5: Access(alloc7, 3, 70)
E5: Access(alloc7, 143, 0)
E3: Read(t12)
E5: Access(alloc6, 5, 28)
E5: Access(alloc6, 5, 28)
E3: Read(t8)
E5: Access(alloc3, 6, 0)
E5: Access(alloc3, 6, 0)
E5: Access(alloc3, 4, 0)
E5: Access(alloc3, 6, 0)
E1: Root Tag(alloc8, t215)
E4: Write(t215)
E2: Reborrow(t216, t215, s8)
E5: Access(alloc8, 2, 0)
E2: Reborrow(t217, t216, s8)
E2: Reborrow(t218, t217, s0)
E2: Reborrow(t221, t218, s0)
E1: Root Tag(alloc9, t220)
E1: Root Tag(alloc10, t219)
E4: Write(t219)
E4: Write(t219)
E4: Write(t219)
E4: Write(t219)
E4: Write(t219)
E2: Reborrow(t222, t221, s0)
E2: Reborrow(t224, t222, s0)
E1: Root Tag(alloc11, t223)
E3: Read(t219)
E4: Write(t223)
E2: Reborrow(t225, t224, s0)
E2: Reborrow(t228, t225, s0)
E1: Root Tag(alloc12, t227)
E1: Root Tag(alloc13, t226)
E3: Read(t223)
E4: Write(t226)
E2: Reborrow(t229, t228, s0)
E2: Reborrow(t231, t229, s0)
E1: Root Tag(alloc14, t230)
E3: Read(t226)
E4: Write(t230)
E2: Reborrow(t232, t231, s0)
E2: Reborrow(t234, t232, s0)
E1: Root Tag(alloc15, t233)
E3: Read(t230)
E4: Write(t233)
E2: Reborrow(t235, t234, s0)
E3: Read(t233)
E4: Write(t227)
E2: Reborrow(t237, t227, s40)
E5: Access(alloc12, 2, 0)
E2: Reborrow(t238, t237, s40)
E1: Root Tag(alloc16, t236)
E5: Access(alloc12, 3, 0)
E2: Reborrow(t239, t238, s40)
E5: Access(alloc12, 4, 0)
E2: Reborrow(t240, t239, s40)
E5: Access(alloc12, 5, 0)
E2: Reborrow(t241, t240, s40)
E5: Access(alloc12, 6, 0)
E2: Reborrow(t242, t241, s40)
E5: Access(alloc12, 7, 0)
E2: Reborrow(t243, t242, s40)
E5: Access(alloc12, 6, 0)
E5: Access(alloc12, 8, 0)
E2: Reborrow(t244, t243, s40)
E3: Read(t244)
E5: Access(alloc12, 9, 0)
E4: Write(t236)
E2: Reborrow(t245, t235, s0)
E5: Access(alloc12, 4, 0)
E2: Reborrow(t246, t245, s0)
E2: Reborrow(t247, t246, s0)
E3: Read(t236)
E3: Read(t236)
E3: Read(t236)
E1: Root Tag(alloc17, t248)
E4: Write(t248)
E2: Reborrow(t249, t248, s8)
E5: Access(alloc17, 2, 0)
E2: Reborrow(t250, t249, s8)
E3: Read(t250)
E5: Access(alloc17, 3, 0)
E5: Access(alloc17, 3, 0)
E5: Access(alloc17, 3, 0)
E1: Root Tag(alloc18, t256)
E4: Write(t256)
E1: Root Tag(alloc19, t255)
E2: Reborrow(t257, t256, s4)
E4: Write(t255)
E5: Access(alloc18, 2, 0)
E2: Reborrow(t258, t257, s4)
E1: Root Tag(alloc20, t254)
E4: Write(t254)
E4: Write(t254)
E4: Write(t254)
E4: Write(t254)
E4: Write(t254)
E4: Write(t254)
E4: Write(t254)
E2: Reborrow(t259, t254, s24)
E5: Access(alloc20, 2, 0)
E2: Reborrow(t260, t259, s24)
E2: Reborrow(t261, t260, s0)
E2: Reborrow(t262, t261, s0)
E2: Reborrow(t263, t262, s0)
E2: Reborrow(t264, t261, s0)
E2: Reborrow(t265, t264, s0)
E2: Reborrow(t266, t265, s0)
E2: Reborrow(t267, t266, s0)
E2: Reborrow(t268, t267, s0)
E2: Reborrow(t269, t268, s0)
E2: Reborrow(t270, t269, s0)
E2: Reborrow(t271, t270, s0)
E2: Reborrow(t272, t269, s0)
E2: Reborrow(t273, t272, s0)
E1: Root Tag(alloc21, t253)
E4: Write(t253)
E4: Write(t253)
E1: Root Tag(alloc22, t252)
E2: Reborrow(t274, t253, s16)
E5: Access(alloc21, 2, 0)
E2: Reborrow(t275, t274, s16)
E1: Root Tag(alloc23, t279)
E5: Access(alloc21, 3, 0)
E2: Reborrow(t280, t275, s16)
E1: Root Tag(alloc24, t278)
E3: Read(t280)
E5: Access(alloc21, 4, 0)
E4: Write(t278)
E3: Read(t280)
E5: Access(alloc21, 4, 0)
E2: Reborrow(t281, t278, s8)
E1: Root Tag(alloc25, t277)
E4: Write(t277)
E2: Reborrow(t282, t277, s8)
E5: Access(alloc24, 2, 0)
E2: Reborrow(t283, t281, s8)
E5: Access(alloc25, 2, 0)
E2: Reborrow(t284, t282, s8)
E3: Read(t283)
E5: Access(alloc24, 3, 0)
E3: Read(t284)
E5: Access(alloc25, 3, 0)
E5: Access(alloc25, 3, 0)
E5: Access(alloc24, 3, 0)
E5: Access(alloc25, 3, 0)
E3: Read(t278)
E5: Access(alloc24, 1, 1)
E4: Write(t280)
E5: Access(alloc21, 4, 0)
E1: Root Tag(alloc26, t276)
E4: Write(t276)
E2: Reborrow(t285, t276, s8)
E5: Access(alloc26, 2, 0)
E2: Reborrow(t286, t285, s8)
E3: Read(t286)
E5: Access(alloc26, 3, 0)
E5: Access(alloc20, 14, 1)
E2: Reborrow(t287, t273, s8)
E5: Access(alloc20, 13, 2)
E2: Reborrow(t288, t287, s8)
E5: Access(alloc20, 14, 2)
E2: Reborrow(t289, t288, s8)
E5: Access(alloc20, 15, 2)
E2: Reborrow(t290, t289, s8)
E5: Access(alloc26, 3, 0)
E5: Access(alloc20, 16, 2)
E2: Reborrow(t291, t290, s8)
E5: Access(alloc20, 17, 2)
E2: Reborrow(t292, t291, s8)
E4: Write(t279)
E5: Access(alloc20, 18, 2)
E2: Reborrow(t293, t292, s8)
E3: Read(t279)
E5: Access(alloc26, 3, 0)
E5: Access(alloc24, 3, 0)
E5: Access(alloc21, 4, 0)
E5: Access(alloc21, 4, 0)
E4: Write(t252)
E5: Access(alloc20, 19, 2)
E2: Reborrow(t294, t293, s8)
E3: Read(t252)
E5: Access(alloc20, 20, 2)
E2: Reborrow(t295, t294, s8)
E3: Read(t295)
E5: Access(alloc20, 21, 2)
E1: Root Tag(alloc27, t252)
E5: Access(alloc21, 4, 0)
E5: Access(alloc21, 4, 0)
E2: Reborrow(t296, t253, s16)
E5: Access(alloc21, 2, 1)
E5: Access(alloc21, 2, 1)
E2: Reborrow(t297, t296, s16)
E1: Root Tag(alloc28, t301)
E5: Access(alloc21, 3, 1)
E5: Access(alloc21, 3, 1)
E2: Reborrow(t302, t297, s16)
E1: Root Tag(alloc29, t300)
E3: Read(t302)
E5: Access(alloc21, 4, 1)
E4: Write(t300)
E3: Read(t302)
E5: Access(alloc21, 4, 1)
E2: Reborrow(t303, t300, s8)
E1: Root Tag(alloc30, t299)
E4: Write(t299)
E2: Reborrow(t304, t299, s8)
E5: Access(alloc29, 2, 0)
E2: Reborrow(t305, t303, s8)
E5: Access(alloc30, 2, 0)
E2: Reborrow(t306, t304, s8)
E3: Read(t305)
E5: Access(alloc29, 3, 0)
E3: Read(t306)
E5: Access(alloc30, 3, 0)
E5: Access(alloc30, 3, 0)
E5: Access(alloc29, 3, 0)
E5: Access(alloc30, 3, 0)
E3: Read(t300)
E5: Access(alloc29, 1, 1)
E4: Write(t302)
E5: Access(alloc21, 7, 0)
E1: Root Tag(alloc31, t298)
E4: Write(t298)
E2: Reborrow(t307, t298, s8)
E5: Access(alloc31, 2, 0)
E2: Reborrow(t308, t307, s8)
E3: Read(t308)
E5: Access(alloc31, 3, 0)
E5: Access(alloc20, 14, 2)
E2: Reborrow(t309, t273, s8)
E5: Access(alloc20, 13, 3)
E2: Reborrow(t310, t309, s8)
E5: Access(alloc20, 14, 3)
E2: Reborrow(t311, t310, s8)
E5: Access(alloc20, 15, 3)
E2: Reborrow(t312, t311, s8)
E5: Access(alloc31, 3, 0)
E5: Access(alloc20, 16, 3)
E2: Reborrow(t313, t312, s8)
E5: Access(alloc20, 17, 3)
E2: Reborrow(t314, t313, s8)
E4: Write(t301)
E5: Access(alloc20, 18, 3)
E2: Reborrow(t315, t314, s8)
E3: Read(t301)
E5: Access(alloc31, 3, 0)
E5: Access(alloc29, 3, 0)
E5: Access(alloc21, 4, 1)
E5: Access(alloc21, 4, 1)
E4: Write(t252)
E5: Access(alloc20, 19, 3)
E2: Reborrow(t316, t315, s8)
E3: Read(t252)
E5: Access(alloc20, 20, 3)
E2: Reborrow(t317, t316, s8)
E3: Read(t317)
E5: Access(alloc20, 21, 3)
E1: Root Tag(alloc32, t252)
E5: Access(alloc21, 4, 1)
E5: Access(alloc21, 4, 1)
E2: Reborrow(t318, t253, s16)
E5: Access(alloc21, 2, 2)
E5: Access(alloc21, 2, 2)
E2: Reborrow(t319, t318, s16)
E1: Root Tag(alloc33, t323)
E5: Access(alloc21, 3, 2)
E5: Access(alloc21, 3, 2)
E2: Reborrow(t324, t319, s16)
E1: Root Tag(alloc34, t322)
E3: Read(t324)
E5: Access(alloc21, 4, 2)
E4: Write(t322)
E3: Read(t324)
E5: Access(alloc21, 4, 2)
E2: Reborrow(t325, t322, s8)
E1: Root Tag(alloc35, t321)
E4: Write(t321)
E2: Reborrow(t326, t321, s8)
E5: Access(alloc34, 2, 0)
E2: Reborrow(t327, t325, s8)
E5: Access(alloc35, 2, 0)
E2: Reborrow(t328, t326, s8)
E3: Read(t327)
E5: Access(alloc34, 3, 0)
E3: Read(t328)
E5: Access(alloc35, 3, 0)
E5: Access(alloc35, 3, 0)
E5: Access(alloc34, 3, 0)
E5: Access(alloc35, 3, 0)
E3: Read(t322)
E5: Access(alloc34, 1, 1)
E4: Write(t324)
E5: Access(alloc21, 7, 1)
E1: Root Tag(alloc36, t320)
E4: Write(t320)
E2: Reborrow(t329, t320, s8)
E5: Access(alloc36, 2, 0)
E2: Reborrow(t330, t329, s8)
E3: Read(t330)
E5: Access(alloc36, 3, 0)
E5: Access(alloc20, 14, 3)
E2: Reborrow(t331, t273, s8)
E5: Access(alloc20, 13, 4)
E2: Reborrow(t332, t331, s8)
E5: Access(alloc20, 14, 4)
E2: Reborrow(t333, t332, s8)
E5: Access(alloc20, 15, 4)
E2: Reborrow(t334, t333, s8)
E5: Access(alloc36, 3, 0)
E5: Access(alloc20, 16, 4)
E2: Reborrow(t335, t334, s8)
E5: Access(alloc20, 17, 4)
E2: Reborrow(t336, t335, s8)
E4: Write(t323)
E5: Access(alloc20, 18, 4)
E2: Reborrow(t337, t336, s8)
E3: Read(t323)
E5: Access(alloc36, 3, 0)
E5: Access(alloc34, 3, 0)
E5: Access(alloc21, 4, 2)
E5: Access(alloc21, 4, 2)
E4: Write(t252)
E5: Access(alloc20, 19, 4)
E2: Reborrow(t338, t337, s8)
E3: Read(t252)
E5: Access(alloc20, 20, 4)
E2: Reborrow(t339, t338, s8)
E3: Read(t339)
E5: Access(alloc20, 21, 4)
E1: Root Tag(alloc37, t252)
E5: Access(alloc21, 4, 2)
E5: Access(alloc21, 4, 2)
E2: Reborrow(t340, t253, s16)
E5: Access(alloc21, 2, 3)
E5: Access(alloc21, 2, 3)
E2: Reborrow(t341, t340, s16)
E1: Root Tag(alloc38, t345)
E5: Access(alloc21, 3, 3)
E5: Access(alloc21, 3, 3)
E2: Reborrow(t346, t341, s16)
E1: Root Tag(alloc39, t344)
E3: Read(t346)
E5: Access(alloc21, 4, 3)
E4: Write(t344)
E3: Read(t346)
E5: Access(alloc21, 4, 3)
E2: Reborrow(t347, t344, s8)
E1: Root Tag(alloc40, t343)
E4: Write(t343)
E2: Reborrow(t348, t343, s8)
E5: Access(alloc39, 2, 0)
E2: Reborrow(t349, t347, s8)
E5: Access(alloc40, 2, 0)
E2: Reborrow(t350, t348, s8)
E3: Read(t349)
E5: Access(alloc39, 3, 0)
E3: Read(t350)
E5: Access(alloc40, 3, 0)
E5: Access(alloc40, 3, 0)
E5: Access(alloc39, 3, 0)
E5: Access(alloc40, 3, 0)
E5: Access(alloc39, 3, 0)
E5: Access(alloc21, 4, 3)
E5: Access(alloc21, 4, 3)
E4: Write(t252)
E5: Access(alloc21, 7, 2)
E5: Access(alloc21, 13, 0)
E5: Access(alloc20, 43, 0)
E5: Access(alloc20, 43, 0)
E5: Access(alloc20, 43, 0)
E5: Access(alloc20, 43, 0)
E5: Access(alloc20, 43, 0)
E5: Access(alloc20, 43, 0)
E5: Access(alloc18, 3, 0)
E1: Root Tag(alloc41, t355)
E1: Root Tag(alloc42, t360)
E1: Root Tag(alloc43, t361)
E2: Reborrow(t362, t361, s64)
E5: Access(alloc43, 2, 0)
E2: Reborrow(t363, t362, s64)
E5: Access(alloc43, 3, 0)
E4: Write(t363)
E5: Access(alloc43, 3, 0)
E3: Read(t361)
E5: Access(alloc43, 3, 0)
E4: Write(t360)
E5: Access(alloc43, 3, 0)
E2: Reborrow(t364, t360, s64)
E5: Access(alloc42, 2, 0)
E2: Reborrow(t365, t364, s64)
E5: Access(alloc42, 3, 0)
E1: Root Tag(alloc44, t359)
E4: Write(t359)
E1: Root Tag(alloc45, t358)
E4: Write(t358)
E1: Root Tag(alloc46, t357)
E5: Access(alloc42, 3, 0)
E2: Reborrow(t366, t360, s64)
E5: Access(alloc42, 2, 1)
E2: Reborrow(t367, t366, s64)
E5: Access(alloc42, 3, 1)
E2: Reborrow(t368, t359, s8)
E2: Reborrow(t369, t358, s8)
E4: Write(t357)
E2: Reborrow(t370, t357, s4)
E5: Access(alloc46, 2, 0)
E2: Reborrow(t371, t370, s4)
E5: Access(alloc46, 3, 0)
E2: Reborrow(t372, t371, s4)
E3: Read(t372)
E5: Access(alloc46, 4, 0)
E5: Access(alloc46, 4, 0)
E3: Read(t359)
E5: Access(alloc44, 1, 1)
E5: Access(alloc45, 2, 0)
E5: Access(alloc44, 2, 0)
E1: Root Tag(alloc47, t356)
E5: Access(alloc42, 1, 2)
E2: Reborrow(t373, t360, s64)
E5: Access(alloc42, 2, 2)
E2: Reborrow(t374, t373, s64)
E5: Access(alloc42, 3, 2)
E4: Write(t356)
E2: Reborrow(t375, t356, s4)
E5: Access(alloc47, 2, 0)
E2: Reborrow(t376, t375, s4)
E5: Access(alloc47, 3, 0)
E2: Reborrow(t377, t376, s4)
E3: Read(t377)
E5: Access(alloc47, 4, 0)
E5: Access(alloc47, 4, 0)
E5: Access(alloc42, 7, 0)
E4: Write(t355)
E4: Write(t355)
E4: Write(t355)
E1: Root Tag(alloc48, t354)
E1: Root Tag(alloc49, t378)
E2: Reborrow(t379, t378, s152)
E5: Access(alloc49, 2, 0)
E2: Reborrow(t380, t379, s152)
E5: Access(alloc49, 3, 0)
E4: Write(t380)
E5: Access(alloc49, 3, 0)
E3: Read(t378)
E5: Access(alloc49, 3, 0)
E5: Access(alloc49, 3, 0)
E4: Write(t354)
E1: Root Tag(alloc50, t353)
E4: Write(t353)
E4: Write(t353)
E1: Root Tag(alloc51, t352)
E2: Reborrow(t381, t353, s16)
E5: Access(alloc50, 2, 0)
E2: Reborrow(t382, t381, s16)
E1: Root Tag(alloc52, t386)
E5: Access(alloc50, 3, 0)
E2: Reborrow(t387, t382, s16)
E1: Root Tag(alloc53, t385)
E3: Read(t387)
E5: Access(alloc50, 4, 0)
E4: Write(t385)
E3: Read(t387)
E5: Access(alloc50, 4, 0)
E2: Reborrow(t388, t385, s8)
E1: Root Tag(alloc54, t384)
E4: Write(t384)
E2: Reborrow(t389, t384, s8)
E5: Access(alloc53, 2, 0)
E2: Reborrow(t390, t388, s8)
E5: Access(alloc54, 2, 0)
E2: Reborrow(t391, t389, s8)
E3: Read(t390)
E5: Access(alloc53, 3, 0)
E3: Read(t391)
E5: Access(alloc54, 3, 0)
E5: Access(alloc54, 3, 0)
E5: Access(alloc53, 3, 0)
E5: Access(alloc54, 3, 0)
E3: Read(t385)
E5: Access(alloc53, 1, 1)
E4: Write(t387)
E5: Access(alloc50, 4, 0)
E1: Root Tag(alloc55, t383)
E4: Write(t383)
E2: Reborrow(t392, t383, s8)
E5: Access(alloc55, 2, 0)
E2: Reborrow(t393, t392, s8)
E3: Read(t393)
E5: Access(alloc55, 3, 0)
E5: Access(alloc55, 3, 0)
E4: Write(t386)
E3: Read(t386)
E5: Access(alloc55, 3, 0)
E5: Access(alloc53, 3, 0)
E5: Access(alloc50, 4, 0)
E5: Access(alloc50, 4, 0)
E4: Write(t352)
E3: Read(t352)
E2: Reborrow(t394, t354, s152)
E3: Read(t354)
E5: Access(alloc48, 1, 1)
E1: Root Tag(alloc56, t395)
E1: Root Tag(alloc57, t396)
E2: Reborrow(t397, t396, s24)
E5: Access(alloc57, 2, 0)
E2: Reborrow(t398, t397, s24)
E5: Access(alloc57, 3, 0)
E4: Write(t398)
E5: Access(alloc57, 3, 0)
E3: Read(t396)
E5: Access(alloc57, 3, 0)
E5: Access(alloc57, 3, 0)
E4: Write(t395)
E2: Reborrow(t399, t395, s24)
E3: Read(t395)
E5: Access(alloc56, 1, 1)
E1: Root Tag(alloc58, t404)
E1: Root Tag(alloc59, t405)
E4: Write(t405)
E4: Write(t404)
E2: Reborrow(t406, t404, s8)
E2: Reborrow(t407, t405, s8)
E5: Access(alloc58, 2, 0)
E2: Reborrow(t408, t406, s8)
E5: Access(alloc59, 2, 0)
E2: Reborrow(t409, t407, s8)
E3: Read(t408)
E5: Access(alloc58, 3, 0)
E3: Read(t409)
E5: Access(alloc59, 3, 0)
E5: Access(alloc59, 3, 0)
E5: Access(alloc58, 3, 0)
E3: Read(t405)
E5: Access(alloc59, 1, 1)
E3: Read(t404)
E5: Access(alloc58, 1, 1)
E5: Access(alloc59, 3, 0)
E5: Access(alloc58, 3, 0)
E4: Write(t395)
E5: Access(alloc56, 2, 0)
E5: Access(alloc56, 1, 1)
E2: Reborrow(t410, t395, s24)
E3: Read(t395)
E5: Access(alloc56, 1, 2)
E5: Access(alloc56, 2, 1)
E2: Reborrow(t411, t355, s24)
E5: Access(alloc41, 2, 0)
E2: Reborrow(t412, t411, s24)
E5: Access(alloc41, 3, 0)
E2: Reborrow(t413, t412, s24)
E5: Access(alloc41, 4, 0)
E2: Reborrow(t414, t413, s24)
E3: Read(t414)
E5: Access(alloc41, 5, 0)
E4: Write(t414)
E5: Access(alloc41, 5, 0)
E5: Access(alloc41, 5, 0)
E5: Access(alloc41, 3, 0)
E1: Root Tag(alloc60, t420)
E4: Write(t420)
E2: Reborrow(t421, t420, s8)
E5: Access(alloc60, 2, 0)
E2: Reborrow(t422, t421, s8)
E5: Access(alloc60, 3, 0)
E2: Reborrow(t423, t422, s8)
E3: Read(t423)
E5: Access(alloc60, 4, 0)
E5: Access(alloc60, 4, 0)
E5: Access(alloc60, 4, 0)
E1: Root Tag(alloc61, t419)
E1: Root Tag(alloc62, t428)
E1: Root Tag(alloc63, t435)
E4: Write(t435)
E1: Root Tag(alloc64, t434)
E1: Root Tag(alloc65, t433)
E4: Write(t433)
E1: Root Tag(alloc66, t432)
E4: Write(t432)
E2: Reborrow(t436, t432, s8)
E2: Reborrow(t437, t433, s8)
E5: Access(alloc66, 2, 0)
E2: Reborrow(t438, t436, s8)
E5: Access(alloc65, 2, 0)
E2: Reborrow(t439, t437, s8)
E5: Access(alloc66, 3, 0)
E2: Reborrow(t440, t438, s8)
E5: Access(alloc65, 3, 0)
E2: Reborrow(t441, t439, s8)
E5: Access(alloc66, 4, 0)
E2: Reborrow(t444, t440, s8)
E5: Access(alloc65, 4, 0)
E2: Reborrow(t445, t441, s8)
E1: Root Tag(alloc67, t443)
E3: Read(t444)
E5: Access(alloc66, 5, 0)
E4: Write(t443)
E2: Reborrow(t446, t443, s8)
E1: Root Tag(alloc68, t442)
E3: Read(t445)
E5: Access(alloc65, 5, 0)
E4: Write(t442)
E2: Reborrow(t447, t442, s8)
E5: Access(alloc67, 2, 0)
E2: Reborrow(t448, t446, s8)
E5: Access(alloc68, 2, 0)
E2: Reborrow(t449, t447, s8)
E3: Read(t448)
E5: Access(alloc67, 3, 0)
E3: Read(t449)
E5: Access(alloc68, 3, 0)
E5: Access(alloc68, 3, 0)
E5: Access(alloc67, 3, 0)
E5: Access(alloc68, 3, 0)
E5: Access(alloc67, 3, 0)
E5: Access(alloc65, 5, 0)
E5: Access(alloc66, 5, 0)
E5: Access(alloc65, 3, 0)
E5: Access(alloc66, 3, 0)
E4: Write(t434)
E4: Write(t434)
E5: Access(alloc66, 5, 0)
E5: Access(alloc65, 5, 0)
E3: Read(t434)
E3: Read(t434)
E1: Root Tag(alloc69, t431)
E4: Write(t431)
E4: Write(t431)
E3: Read(t431)
E3: Read(t431)
E1: Root Tag(alloc70, t430)
E4: Write(t430)
E4: Write(t430)
E3: Read(t430)
E3: Read(t430)
E1: Root Tag(alloc71, t452)
E4: Write(t452)
E4: Write(t452)
E3: Read(t452)
E3: Read(t452)
E1: Root Tag(alloc72, t451)
E4: Write(t451)
E4: Write(t451)
E3: Read(t451)
E3: Read(t451)
E1: Root Tag(alloc73, t453)
E1: Root Tag(alloc74, t454)
E4: Write(t454)
E4: Write(t454)
E3: Read(t454)
E3: Read(t454)
E1: Root Tag(alloc75, t455)
E4: Write(t455)
E4: Write(t455)
E3: Read(t455)
E3: Read(t455)
E1: Root Tag(alloc76, t456)
E1: Root Tag(alloc77, t463)
E1: Root Tag(alloc78, t462)
E4: Write(t462)
E4: Write(t462)
E1: Root Tag(alloc79, t460)
E2: Reborrow(t464, t462, s16)
E5: Access(alloc78, 2, 0)
E2: Reborrow(t465, t464, s16)
E3: Read(t465)
E5: Access(alloc78, 3, 0)
E5: Access(alloc78, 3, 0)
E5: Access(alloc78, 3, 0)
E3: Read(t462)
E5: Access(alloc78, 1, 1)
E3: Read(t462)
E5: Access(alloc78, 1, 1)
E1: Root Tag(alloc80, t466)
E4: Write(t466)
E4: Write(t466)
E2: Reborrow(t467, t466, s16)
E5: Access(alloc80, 2, 0)
E2: Reborrow(t468, t467, s16)
E3: Read(t468)
E5: Access(alloc80, 3, 0)
E5: Access(alloc80, 3, 0)
E5: Access(alloc80, 3, 0)
E3: Read(t466)
E5: Access(alloc80, 1, 1)
E3: Read(t466)
E5: Access(alloc80, 1, 1)
E1: Root Tag(alloc81, t469)
E4: Write(t469)
E4: Write(t469)
E2: Reborrow(t470, t469, s16)
E5: Access(alloc81, 2, 0)
E2: Reborrow(t471, t470, s16)
E3: Read(t471)
E5: Access(alloc81, 3, 0)
E5: Access(alloc81, 3, 0)
E5: Access(alloc81, 3, 0)
E5: Access(alloc81, 1, 1)
E2: Reborrow(t472, t469, s16)
E5: Access(alloc81, 2, 1)
E2: Reborrow(t473, t472, s16)
E3: Read(t473)
E5: Access(alloc81, 3, 1)
E5: Access(alloc81, 3, 1)
E5: Access(alloc81, 3, 1)
E1: Root Tag(alloc82, t474)
E4: Write(t474)
E4: Write(t474)
E2: Reborrow(t475, t474, s16)
E5: Access(alloc82, 2, 0)
E2: Reborrow(t476, t475, s16)
E3: Read(t476)
E5: Access(alloc82, 3, 0)
E5: Access(alloc82, 3, 0)
E5: Access(alloc82, 3, 0)
E5: Access(alloc82, 1, 1)
E2: Reborrow(t477, t474, s16)
E5: Access(alloc82, 2, 1)
E2: Reborrow(t478, t477, s16)
E3: Read(t478)
E5: Access(alloc82, 3, 1)
E5: Access(alloc82, 3, 1)
E5: Access(alloc82, 3, 1)
E5: Access(alloc82, 1, 2)
E2: Reborrow(t479, t474, s16)
E5: Access(alloc82, 2, 2)
E2: Reborrow(t480, t479, s16)
E3: Read(t480)
E5: Access(alloc82, 3, 2)
E5: Access(alloc82, 3, 2)
E5: Access(alloc82, 3, 2)
E5: Access(alloc82, 1, 3)
E2: Reborrow(t481, t474, s16)
E5: Access(alloc82, 2, 3)
E2: Reborrow(t482, t481, s16)
E3: Read(t482)
E5: Access(alloc82, 3, 3)
E5: Access(alloc82, 3, 3)
E5: Access(alloc82, 3, 3)
E1: Root Tag(alloc83, t483)
E5: Access(alloc82, 9, 0)
E5: Access(alloc81, 5, 0)
E8: Exposed (t483, alloc83)
E5: Access(alloc80, 3, 0)
E1: Root Tag(alloc84, t459)
E1: Root Tag(alloc85, t458)
E3: Read(t462)
E5: Access(alloc78, 1, 1)
E3: Read(t462)
E5: Access(alloc78, 1, 1)
E4: Write(t458)
E4: Write(t458)
E4: Write(t458)
E4: Write(t458)
E3: Read(t458)
E4: Write(t459)
E3: Read(t459)
E4: Write(t460)
E3: Read(t459)
E4: Write(t460)
E3: Read(t460)
E3: Read(t460)
E1: Root Tag(alloc86, t461)
E3: Read(t460)
E4: Write(t461)
E3: Read(t461)
E4: Write(t483)
E5: Access(alloc83, 1, 0)
E1: Root Tag(alloc87, t457)
E3: Read(t461)
E4: Write(t457)
E3: Read(t457)
E3: Read(t457)
E1: Root Tag(alloc88, t484)
E3: Read(t457)
E4: Write(t484)
E3: Read(t484)
E3: Read(t484)
E1: Root Tag(alloc89, t485)
E3: Read(t484)
E4: Write(t485)
E3: Read(t485)
E3: Read(t485)
E1: Root Tag(alloc90, t486)
E3: Read(t485)
E4: Write(t486)
E3: Read(t486)
E3: Read(t486)
E2: Reborrow(t487, t483, s0)
E2: Reborrow(t488, t487, s0)
E4: Write(t463)
E4: Write(t463)
E2: Reborrow(t489, t488, s0)
E3: Read(t463)
E3: Read(t463)
E5: Access(alloc78, 3, 0)
E4: Write(t456)
E4: Write(t456)
E2: Reborrow(t490, t489, s0)
E3: Read(t456)
E3: Read(t456)
E2: Reborrow(t491, t490, s0)
E2: Reborrow(t492, t491, s0)
E2: Reborrow(t493, t492, s0)
E2: Reborrow(t494, t493, s0)
E2: Reborrow(t495, t494, s0)
E2: Reborrow(t496, t495, s0)
E4: Write(t453)
E4: Write(t453)
E2: Reborrow(t497, t496, s0)
E3: Read(t453)
E3: Read(t453)
E1: Root Tag(alloc91, t450)
E4: Write(t450)
E4: Write(t450)
E2: Reborrow(t498, t497, s0)
E3: Read(t450)
E3: Read(t450)
E1: Root Tag(alloc92, t429)
E4: Write(t429)
E4: Write(t429)
E2: Reborrow(t499, t498, s0)
E3: Read(t429)
E3: Read(t429)
E4: Write(t428)
E4: Write(t428)
E2: Reborrow(t500, t499, s0)
E3: Read(t428)
E3: Read(t428)
E1: Root Tag(alloc93, t424)
E4: Write(t424)
E4: Write(t424)
E2: Reborrow(t501, t500, s0)
E3: Read(t424)
E3: Read(t424)
E4: Write(t419)
E4: Write(t419)
E2: Reborrow(t502, t501, s0)
E1: Root Tag(alloc94, t418)
E1: Root Tag(alloc95, t503)
E4: Write(t503)
E4: Write(t503)
E2: Reborrow(t504, t503, s8)
E5: Access(alloc95, 2, 0)
E2: Reborrow(t505, t504, s8)
E5: Access(alloc95, 3, 0)
E2: Reborrow(t506, t505, s8)
E5: Access(alloc95, 4, 0)
E2: Reborrow(t507, t506, s8)
E3: Read(t507)
E5: Access(alloc95, 5, 0)
E5: Access(alloc95, 5, 0)
E5: Access(alloc95, 5, 0)
E5: Access(alloc95, 3, 0)
E5: Access(alloc95, 3, 0)
E5: Access(alloc95, 5, 0)
E4: Write(t418)
E4: Write(t418)
E4: Write(t418)
E1: Root Tag(alloc96, t508)
E4: Write(t508)
E4: Write(t508)
E1: Root Tag(alloc97, t417)
E1: Root Tag(alloc98, t416)
E3: Read(t419)
E3: Read(t419)
E1: Root Tag(alloc99, t415)
E4: Write(t415)
E4: Write(t415)
E2: Reborrow(t509, t502, s0)
E3: Read(t415)
E3: Read(t415)
E4: Write(t416)
E4: Write(t416)
E4: Write(t416)
E4: Write(t416)
E4: Write(t416)
E2: Reborrow(t510, t509, s0)
E1: Root Tag(alloc100, t515)
E3: Read(t416)
E2: Reborrow(t516, t510, s0)
E1: Root Tag(alloc101, t518)
E4: Write(t518)
E4: Write(t515)
E4: Write(t515)
E4: Write(t515)
E3: Read(t515)
E1: Root Tag(alloc102, t511)
E3: Read(t416)
E4: Write(t511)
E3: Read(t511)
E2: Reborrow(t519, t516, s0)
E3: Read(t511)
E2: Reborrow(t523, t519, s0)
E1: Root Tag(alloc103, t522)
E1: Root Tag(alloc104, t521)
E3: Read(t515)
E4: Write(t521)
E1: Root Tag(alloc105, t520)
E3: Read(t511)
E4: Write(t520)
E3: Read(t520)
E2: Reborrow(t524, t523, s0)
E1: Root Tag(alloc106, t529)
E3: Read(t520)
E2: Reborrow(t530, t524, s0)
E3: Read(t521)
E2: Reborrow(t531, t521, s8)
E5: Access(alloc104, 2, 0)
E2: Reborrow(t532, t531, s8)
E3: Read(t532)
E5: Access(alloc104, 3, 0)
E5: Access(alloc104, 3, 0)
E2: Reborrow(t533, t521, s0)
E2: Reborrow(t534, t533, s0)
E1: Root Tag(alloc107, t535)
E1: Root Tag(alloc108, t536)
E1: Root Tag(alloc109, t537)
E1: Root Tag(alloc110, t538)
E4: Write(t538)
E4: Write(t538)
E2: Reborrow(t539, t538, s16)
E5: Access(alloc110, 2, 0)
E2: Reborrow(t540, t539, s16)
E3: Read(t540)
E5: Access(alloc110, 3, 0)
E5: Access(alloc110, 3, 0)
E5: Access(alloc110, 3, 0)
E3: Read(t538)
E5: Access(alloc110, 1, 1)
E3: Read(t538)
E5: Access(alloc110, 1, 1)
E1: Root Tag(alloc111, t541)
E4: Write(t541)
E4: Write(t541)
E2: Reborrow(t542, t541, s16)
E5: Access(alloc111, 2, 0)
E2: Reborrow(t543, t542, s16)
E3: Read(t543)
E5: Access(alloc111, 3, 0)
E5: Access(alloc111, 3, 0)
E5: Access(alloc111, 3, 0)
E5: Access(alloc111, 1, 1)
E2: Reborrow(t544, t541, s16)
E5: Access(alloc111, 2, 1)
E2: Reborrow(t545, t544, s16)
E3: Read(t545)
E5: Access(alloc111, 3, 1)
E5: Access(alloc111, 3, 1)
E5: Access(alloc111, 3, 1)
E1: Root Tag(alloc112, t546)
E4: Write(t546)
E4: Write(t546)
E2: Reborrow(t547, t546, s16)
E5: Access(alloc112, 2, 0)
E2: Reborrow(t548, t547, s16)
E3: Read(t548)
E5: Access(alloc112, 3, 0)
E5: Access(alloc112, 3, 0)
E5: Access(alloc112, 3, 0)
E5: Access(alloc112, 1, 1)
E2: Reborrow(t549, t546, s16)
E5: Access(alloc112, 2, 1)
E2: Reborrow(t550, t549, s16)
E3: Read(t550)
E5: Access(alloc112, 3, 1)
E5: Access(alloc112, 3, 1)
E5: Access(alloc112, 3, 1)
E5: Access(alloc112, 1, 2)
E2: Reborrow(t551, t546, s16)
E5: Access(alloc112, 2, 2)
E2: Reborrow(t552, t551, s16)
E3: Read(t552)
E5: Access(alloc112, 3, 2)
E5: Access(alloc112, 3, 2)
E5: Access(alloc112, 3, 2)
E5: Access(alloc112, 1, 3)
E2: Reborrow(t553, t546, s16)
E5: Access(alloc112, 2, 3)
E2: Reborrow(t554, t553, s16)
E3: Read(t554)
E5: Access(alloc112, 3, 3)
E5: Access(alloc112, 3, 3)
E5: Access(alloc112, 3, 3)
E1: Root Tag(alloc113, t555)
E5: Access(alloc112, 9, 0)
E5: Access(alloc111, 5, 0)
E8: Exposed (t555, alloc113)
E5: Access(alloc110, 3, 0)
E5: Access(alloc113, 1, 0)
E2: Reborrow(t556, t555, s544)
E5: Access(alloc113, 2, 0)
E2: Reborrow(t557, t556, s544)
E4: Write(t537)
E5: Access(alloc113, 3, 0)
E2: Reborrow(t558, t557, s544)
E3: Read(t537)
E4: Write(t536)
E5: Access(alloc113, 4, 0)
E2: Reborrow(t559, t558, s544)
E3: Read(t536)
E5: Access(alloc113, 5, 0)
E2: Reborrow(t560, t559, s544)
E5: Access(alloc113, 6, 0)
E2: Reborrow(t561, t560, s544)
E4: Write(t535)
E5: Access(alloc113, 7, 0)
E2: Reborrow(t562, t561, s544)
E3: Read(t535)
E5: Access(alloc113, 8, 0)
E2: Reborrow(t563, t562, s544)
E5: Access(alloc113, 9, 0)
E2: Reborrow(t564, t563, s544)
E5: Access(alloc113, 10, 0)
E4: Write(t564)
E5: Access(alloc113, 10, 0)
E4: Write(t564)
E5: Access(alloc113, 10, 0)
E3: Read(t535)
E5: Access(alloc113, 10, 0)
E5: Access(alloc113, 10, 0)
E5: Access(alloc113, 10, 0)
E5: Access(alloc113, 10, 0)
E2: Reborrow(t565, t562, s544)
E5: Access(alloc113, 9, 1)
E5: Access(alloc113, 9, 1)
E5: Access(alloc113, 9, 1)
E5: Access(alloc113, 9, 1)
E2: Reborrow(t566, t565, s544)
E5: Access(alloc113, 10, 1)
E5: Access(alloc113, 10, 1)
E5: Access(alloc113, 10, 1)
E5: Access(alloc113, 10, 1)
E2: Reborrow(t567, t566, s544)
E5: Access(alloc113, 11, 1)
E5: Access(alloc113, 11, 1)
E5: Access(alloc113, 11, 1)
E5: Access(alloc113, 11, 1)
E2: Reborrow(t568, t567, s544)
E5: Access(alloc113, 10, 1)
E5: Access(alloc113, 10, 1)
E5: Access(alloc113, 10, 1)
E5: Access(alloc113, 10, 1)
E5: Access(alloc113, 12, 1)
E5: Access(alloc113, 12, 1)
E5: Access(alloc113, 12, 1)
E5: Access(alloc113, 12, 1)
E2: Reborrow(t569, t568, s544)
E5: Access(alloc113, 13, 1)
E5: Access(alloc113, 13, 1)
E5: Access(alloc113, 13, 1)
E5: Access(alloc113, 13, 1)
E2: Reborrow(t570, t569, s544)
E5: Access(alloc113, 14, 1)
E5: Access(alloc113, 14, 1)
E5: Access(alloc113, 14, 1)
E5: Access(alloc113, 14, 1)
E2: Reborrow(t571, t570, s544)
E5: Access(alloc113, 15, 1)
E5: Access(alloc113, 15, 1)
E5: Access(alloc113, 15, 1)
E5: Access(alloc113, 15, 1)
E2: Reborrow(t572, t571, s544)
E5: Access(alloc113, 16, 1)
E5: Access(alloc113, 16, 1)
E5: Access(alloc113, 16, 1)
E5: Access(alloc113, 16, 1)
E2: Reborrow(t573, t572, s544)
E5: Access(alloc113, 17, 1)
E5: Access(alloc113, 17, 1)
E5: Access(alloc113, 17, 1)
E5: Access(alloc113, 17, 1)
E2: Reborrow(t574, t573, s544)
E5: Access(alloc113, 18, 1)
E5: Access(alloc113, 18, 1)
E5: Access(alloc113, 18, 1)
E5: Access(alloc113, 18, 1)
E2: Reborrow(t576, t574, s544)
E1: Root Tag(alloc114, t575)
E5: Access(alloc113, 19, 1)
E5: Access(alloc113, 19, 1)
E5: Access(alloc113, 19, 1)
E5: Access(alloc113, 19, 1)
E2: Reborrow(t577, t576, s544)
E5: Access(alloc113, 20, 1)
E5: Access(alloc113, 20, 1)
E5: Access(alloc113, 20, 1)
E5: Access(alloc113, 20, 1)
E2: Reborrow(t578, t577, s544)
E5: Access(alloc113, 21, 1)
E5: Access(alloc113, 21, 1)
E5: Access(alloc113, 21, 1)
E5: Access(alloc113, 21, 1)
E2: Reborrow(t579, t578, s544)
E5: Access(alloc113, 22, 1)
E5: Access(alloc113, 22, 1)
E5: Access(alloc113, 22, 1)
E5: Access(alloc113, 22, 1)
E2: Reborrow(t580, t579, s544)
E5: Access(alloc113, 23, 1)
E5: Access(alloc113, 23, 1)
E5: Access(alloc113, 23, 1)
E5: Access(alloc113, 23, 1)
E2: Reborrow(t581, t580, s544)
E5: Access(alloc113, 23, 1)
E5: Access(alloc113, 23, 1)
E5: Access(alloc113, 23, 1)
E5: Access(alloc113, 23, 1)
E5: Access(alloc113, 21, 1)
E5: Access(alloc113, 21, 1)
E5: Access(alloc113, 21, 1)
E5: Access(alloc113, 21, 1)
E4: Write(t575)
E2: Reborrow(t582, t575, s8)
E5: Access(alloc114, 2, 0)
E2: Reborrow(t583, t582, s8)
E5: Access(alloc114, 3, 0)
E2: Reborrow(t584, t583, s8)
E5: Access(alloc114, 4, 0)
E2: Reborrow(t585, t584, s8)
E5: Access(alloc114, 5, 0)
E2: Reborrow(t586, t585, s8)
E5: Access(alloc114, 6, 0)
E2: Reborrow(t587, t586, s8)
E5: Access(alloc114, 7, 0)
E2: Reborrow(t588, t587, s8)
E5: Access(alloc114, 5, 0)
E5: Access(alloc114, 8, 0)
E2: Reborrow(t589, t588, s8)
E5: Access(alloc114, 9, 0)
E2: Reborrow(t590, t589, s8)
E5: Access(alloc114, 10, 0)
E2: Reborrow(t591, t590, s8)
E5: Access(alloc114, 3, 0)
E5: Access(alloc114, 11, 0)
E2: Reborrow(t592, t591, s8)
E3: Read(t592)
E5: Access(alloc114, 12, 0)
E5: Access(alloc114, 12, 0)
E2: Reborrow(t593, t575, s8)
E5: Access(alloc114, 2, 1)
E2: Reborrow(t594, t593, s8)
E5: Access(alloc114, 3, 1)
E2: Reborrow(t595, t594, s8)
E5: Access(alloc114, 4, 1)
E2: Reborrow(t596, t595, s8)
E5: Access(alloc114, 5, 1)
E2: Reborrow(t597, t596, s8)
E5: Access(alloc114, 6, 1)
E2: Reborrow(t598, t597, s8)
E5: Access(alloc114, 5, 1)
E5: Access(alloc114, 7, 1)
E2: Reborrow(t599, t598, s8)
E5: Access(alloc114, 8, 1)
E2: Reborrow(t600, t599, s8)
E5: Access(alloc114, 3, 1)
E5: Access(alloc114, 9, 1)
E2: Reborrow(t601, t600, s8)
E2: Reborrow(t602, t601, s0)
E5: Access(alloc114, 22, 0)
E5: Access(alloc113, 19, 1)
E5: Access(alloc113, 19, 1)
E5: Access(alloc113, 19, 1)
E5: Access(alloc113, 19, 1)
E5: Access(alloc113, 17, 1)
E5: Access(alloc113, 17, 1)
E5: Access(alloc113, 17, 1)
E5: Access(alloc113, 17, 1)
E5: Access(alloc113, 15, 1)
E5: Access(alloc113, 15, 1)
E5: Access(alloc113, 15, 1)
E5: Access(alloc113, 15, 1)
E1: Root Tag(alloc115, t604)
E4: Write(t604)
E3: Read(t604)
E1: Root Tag(alloc116, t603)
E4: Write(t603)
E3: Read(t603)
E1: Root Tag(alloc117, t605)
E4: Write(t605)
E3: Read(t605)
E1: Root Tag(alloc118, t528)
E4: Write(t528)
E4: Write(t528)
E2: Reborrow(t606, t528, s16)
E3: Read(t521)
E5: Access(alloc104, 3, 1)
E1: Root Tag(alloc119, t527)
E3: Read(t520)
E4: Write(t527)
E3: Read(t527)
E2: Reborrow(t607, t530, s0)
E5: Access(alloc118, 2, 0)
E2: Reborrow(t609, t606, s16)
E3: Read(t527)
E2: Reborrow(t610, t607, s0)
E5: Access(alloc118, 3, 0)
E2: Reborrow(t611, t609, s16)
E5: Access(alloc118, 4, 0)
E2: Reborrow(t612, t611, s16)
E5: Access(alloc118, 5, 0)
E2: Reborrow(t613, t612, s16)
E5: Access(alloc118, 6, 0)
E2: Reborrow(t614, t613, s16)
E5: Access(alloc118, 7, 0)
E2: Reborrow(t615, t614, s16)
E5: Access(alloc118, 8, 0)
E2: Reborrow(t616, t615, s16)
E3: Read(t616)
E5: Access(alloc118, 9, 0)
E5: Access(alloc118, 9, 0)
E5: Access(alloc118, 9, 0)
E5: Access(alloc113, 24, 1)
E5: Access(alloc113, 24, 1)
E5: Access(alloc113, 24, 1)
E5: Access(alloc113, 24, 1)
E2: Reborrow(t617, t581, s544)
E5: Access(alloc113, 25, 1)
E5: Access(alloc113, 25, 1)
E5: Access(alloc113, 25, 1)
E5: Access(alloc113, 25, 1)
E2: Reborrow(t618, t617, s544)
E5: Access(alloc113, 26, 1)
E5: Access(alloc113, 26, 1)
E5: Access(alloc113, 26, 1)
E5: Access(alloc113, 26, 1)
E2: Reborrow(t619, t618, s544)
E5: Access(alloc113, 27, 1)
E5: Access(alloc113, 27, 1)
E5: Access(alloc113, 27, 1)
E5: Access(alloc113, 27, 1)
E2: Reborrow(t620, t619, s544)
E5: Access(alloc118, 7, 0)
E5: Access(alloc118, 7, 0)
E5: Access(alloc113, 28, 1)
E5: Access(alloc113, 28, 1)
E5: Access(alloc113, 28, 1)
E5: Access(alloc113, 28, 1)
E2: Reborrow(t621, t620, s544)
E5: Access(alloc113, 29, 1)
E2: Reborrow(t622, t621, s2)
E5: Access(alloc113, 30, 1)
E2: Reborrow(t623, t622, s2)
E5: Access(alloc113, 31, 1)
E2: Reborrow(t624, t623, s2)
E5: Access(alloc118, 5, 0)
E5: Access(alloc118, 5, 0)
E5: Access(alloc113, 32, 1)
E2: Reborrow(t625, t624, s2)
E3: Read(t625)
E5: Access(alloc113, 33, 1)
E4: Write(t625)
E5: Access(alloc113, 35, 0)
E5: Access(alloc118, 7, 1)
E2: Reborrow(t626, t609, s16)
E5: Access(alloc118, 4, 1)
E2: Reborrow(t627, t626, s16)
E5: Access(alloc118, 5, 1)
E2: Reborrow(t628, t627, s16)
E5: Access(alloc118, 6, 1)
E2: Reborrow(t629, t628, s16)
E5: Access(alloc118, 7, 1)
E2: Reborrow(t630, t629, s16)
E5: Access(alloc118, 8, 1)
E2: Reborrow(t631, t630, s16)
E3: Read(t631)
E5: Access(alloc118, 9, 1)
E5: Access(alloc118, 9, 1)
E5: Access(alloc118, 9, 1)
E5: Access(alloc113, 28, 2)
E5: Access(alloc113, 28, 2)
E5: Access(alloc113, 33, 1)
E5: Access(alloc113, 28, 2)
E2: Reborrow(t632, t581, s544)
E5: Access(alloc113, 25, 2)
E5: Access(alloc113, 25, 2)
E5: Access(alloc113, 25, 2)
E5: Access(alloc113, 25, 2)
E2: Reborrow(t633, t632, s544)
E5: Access(alloc113, 26, 2)
E5: Access(alloc113, 26, 2)
E5: Access(alloc113, 26, 2)
E5: Access(alloc113, 26, 2)
E2: Reborrow(t634, t633, s544)
E5: Access(alloc113, 27, 2)
E5: Access(alloc113, 27, 2)
E5: Access(alloc113, 27, 2)
E5: Access(alloc113, 27, 2)
E2: Reborrow(t635, t634, s544)
E5: Access(alloc118, 7, 1)
E5: Access(alloc118, 7, 1)
E5: Access(alloc113, 28, 2)
E5: Access(alloc113, 28, 2)
E5: Access(alloc113, 28, 2)
E5: Access(alloc113, 28, 2)
E2: Reborrow(t636, t635, s544)
E5: Access(alloc113, 29, 2)
E2: Reborrow(t637, t636, s88)
E5: Access(alloc113, 30, 2)
E2: Reborrow(t638, t637, s88)
E5: Access(alloc113, 31, 2)
E2: Reborrow(t639, t638, s88)
E2: Reborrow(t640, t639, s0)
E2: Reborrow(t641, t640, s0)
E5: Access(alloc113, 31, 2)
E2: Reborrow(t642, t641, s0)
E2: Reborrow(t643, t642, s0)
E2: Reborrow(t644, t643, s0)
E5: Access(alloc113, 37, 2)
E2: Reborrow(t645, t644, s8)
E5: Access(alloc113, 38, 2)
E2: Reborrow(t646, t645, s8)
E5: Access(alloc113, 39, 2)
E2: Reborrow(t647, t646, s8)
E5: Access(alloc113, 40, 2)
E2: Reborrow(t648, t647, s8)
E5: Access(alloc113, 37, 2)
E5: Access(alloc113, 41, 2)
E2: Reborrow(t649, t648, s8)
E5: Access(alloc113, 42, 2)
E2: Reborrow(t650, t649, s8)
E5: Access(alloc113, 43, 2)
E2: Reborrow(t651, t650, s8)
E5: Access(alloc113, 44, 2)
E2: Reborrow(t652, t651, s8)
E5: Access(alloc118, 5, 1)
E5: Access(alloc118, 5, 1)
E5: Access(alloc113, 45, 2)
E2: Reborrow(t653, t652, s8)
E5: Access(alloc113, 46, 2)
E2: Reborrow(t654, t653, s8)
E5: Access(alloc113, 47, 2)
E2: Reborrow(t655, t654, s8)
E4: Write(t655)
E5: Access(alloc113, 59, 0)
E5: Access(alloc113, 48, 2)
E2: Reborrow(t656, t655, s8)
E5: Access(alloc113, 49, 2)
E2: Reborrow(t657, t656, s8)
E5: Access(alloc113, 50, 2)
E2: Reborrow(t658, t657, s8)
E5: Access(alloc113, 51, 2)
E2: Reborrow(t659, t658, s8)
E5: Access(alloc113, 52, 2)
E5: Access(alloc113, 52, 2)
E2: Reborrow(t660, t659, s8)
E5: Access(alloc113, 53, 2)
E2: Reborrow(t661, t660, s8)
E5: Access(alloc113, 54, 2)
E2: Reborrow(t662, t661, s8)
E5: Access(alloc113, 55, 2)
E2: Reborrow(t663, t662, s8)
E5: Access(alloc113, 50, 2)
E5: Access(alloc113, 56, 2)
E2: Reborrow(t664, t663, s8)
E5: Access(alloc113, 57, 2)
E2: Reborrow(t665, t664, s8)
E5: Access(alloc113, 58, 2)
E2: Reborrow(t666, t665, s8)
E5: Access(alloc113, 59, 2)
E2: Reborrow(t667, t666, s8)
E5: Access(alloc113, 48, 2)
E5: Access(alloc113, 60, 2)
E2: Reborrow(t668, t667, s8)
E5: Access(alloc118, 7, 2)
E2: Reborrow(t669, t609, s16)
E5: Access(alloc118, 4, 2)
E2: Reborrow(t670, t669, s16)
E5: Access(alloc118, 5, 2)
E2: Reborrow(t671, t670, s16)
E5: Access(alloc118, 6, 2)
E2: Reborrow(t672, t671, s16)
E5: Access(alloc118, 7, 2)
E2: Reborrow(t673, t672, s16)
E5: Access(alloc118, 8, 2)
E2: Reborrow(t674, t673, s16)
E3: Read(t674)
E5: Access(alloc118, 9, 2)
E5: Access(alloc118, 9, 2)
E5: Access(alloc118, 9, 2)
E5: Access(alloc113, 52, 3)
E5: Access(alloc113, 60, 3)
E5: Access(alloc113, 52, 3)
E5: Access(alloc113, 52, 3)
E5: Access(alloc113, 52, 3)
E5: Access(alloc113, 52, 3)
E2: Reborrow(t675, t581, s544)
E5: Access(alloc113, 25, 3)
E5: Access(alloc113, 25, 3)
E5: Access(alloc113, 25, 3)
E5: Access(alloc113, 25, 3)
E5: Access(alloc113, 25, 3)
E5: Access(alloc113, 25, 3)
E2: Reborrow(t676, t675, s544)
E5: Access(alloc113, 26, 3)
E5: Access(alloc113, 26, 3)
E5: Access(alloc113, 26, 3)
E5: Access(alloc113, 26, 3)
E5: Access(alloc113, 26, 3)
E5: Access(alloc113, 26, 3)
E2: Reborrow(t677, t676, s544)
E5: Access(alloc113, 27, 3)
E5: Access(alloc113, 27, 3)
E5: Access(alloc113, 27, 3)
E5: Access(alloc113, 27, 3)
E5: Access(alloc113, 27, 3)
E5: Access(alloc113, 27, 3)
E2: Reborrow(t678, t677, s544)
E5: Access(alloc118, 7, 2)
E5: Access(alloc118, 7, 2)
E5: Access(alloc113, 28, 3)
E5: Access(alloc113, 28, 3)
E5: Access(alloc113, 28, 3)
E5: Access(alloc113, 28, 3)
E5: Access(alloc113, 28, 3)
E5: Access(alloc113, 28, 3)
E2: Reborrow(t679, t678, s544)
E5: Access(alloc113, 29, 3)
E2: Reborrow(t680, t679, s440)
E5: Access(alloc113, 30, 3)
E2: Reborrow(t681, t680, s440)
E5: Access(alloc113, 31, 3)
E2: Reborrow(t682, t681, s440)
E2: Reborrow(t683, t682, s0)
E2: Reborrow(t684, t683, s0)
E5: Access(alloc113, 31, 3)
E2: Reborrow(t685, t684, s0)
E2: Reborrow(t686, t685, s0)
E2: Reborrow(t687, t686, s0)
E5: Access(alloc113, 37, 3)
E2: Reborrow(t688, t687, s40)
E5: Access(alloc113, 38, 3)
E2: Reborrow(t689, t688, s40)
E5: Access(alloc113, 39, 3)
E2: Reborrow(t690, t689, s40)
E5: Access(alloc113, 40, 3)
E2: Reborrow(t691, t690, s40)
E5: Access(alloc113, 37, 3)
E5: Access(alloc113, 41, 3)
E2: Reborrow(t692, t691, s40)
E5: Access(alloc113, 42, 3)
E2: Reborrow(t693, t692, s40)
E5: Access(alloc113, 43, 3)
E2: Reborrow(t694, t693, s40)
E5: Access(alloc113, 44, 3)
E2: Reborrow(t695, t694, s40)
E5: Access(alloc118, 5, 2)
E5: Access(alloc118, 5, 2)
E5: Access(alloc113, 45, 3)
E2: Reborrow(t696, t695, s40)
E5: Access(alloc113, 46, 3)
E2: Reborrow(t697, t696, s40)
E1: Root Tag(alloc120, t608)
E3: Read(t527)
E4: Write(t608)
E3: Read(t608)
E2: Reborrow(t698, t610, s0)
E5: Access(alloc113, 47, 3)
E2: Reborrow(t700, t697, s40)
E3: Read(t608)
E2: Reborrow(t701, t698, s0)
E1: Root Tag(alloc121, t699)
E3: Read(t608)
E4: Write(t699)
E3: Read(t699)
E2: Reborrow(t702, t701, s0)
E3: Read(t699)
E2: Reborrow(t704, t702, s0)
E1: Root Tag(alloc122, t703)
E3: Read(t699)
E4: Write(t703)
E3: Read(t703)
E2: Reborrow(t705, t704, s0)
E3: Read(t703)
E2: Reborrow(t707, t705, s0)
E1: Root Tag(alloc123, t706)
E3: Read(t703)
E4: Write(t706)
E3: Read(t706)
E2: Reborrow(t708, t707, s0)
E3: Read(t706)
E2: Reborrow(t710, t708, s0)
E1: Root Tag(alloc124, t709)
E3: Read(t706)
E4: Write(t709)
E3: Read(t709)
E2: Reborrow(t711, t710, s0)
E3: Read(t709)
E4: Write(t700)
E5: Access(alloc113, 96, 0)
E5: Access(alloc113, 48, 3)
E2: Reborrow(t712, t700, s40)
E5: Access(alloc113, 49, 3)
E2: Reborrow(t713, t712, s40)
E5: Access(alloc113, 50, 3)
E2: Reborrow(t714, t713, s40)
E5: Access(alloc113, 51, 3)
E2: Reborrow(t715, t714, s40)
E5: Access(alloc113, 52, 3)
E5: Access(alloc113, 52, 3)
E2: Reborrow(t716, t715, s40)
E5: Access(alloc113, 53, 3)
E2: Reborrow(t717, t716, s40)
E5: Access(alloc113, 54, 3)
E2: Reborrow(t718, t717, s40)
E5: Access(alloc113, 55, 3)
E2: Reborrow(t719, t718, s40)
E5: Access(alloc113, 50, 3)
E5: Access(alloc113, 56, 3)
E2: Reborrow(t720, t719, s40)
E5: Access(alloc113, 57, 3)
E2: Reborrow(t721, t720, s40)
E5: Access(alloc113, 58, 3)
E2: Reborrow(t722, t721, s40)
E5: Access(alloc113, 59, 3)
E2: Reborrow(t723, t722, s40)
E5: Access(alloc113, 48, 3)
E5: Access(alloc113, 60, 3)
E2: Reborrow(t724, t723, s40)
E3: Read(t609)
E5: Access(alloc118, 7, 3)
E3: Read(t609)
E5: Access(alloc118, 7, 3)
E4: Write(t529)
E4: Write(t529)
E4: Write(t529)
E5: Access(alloc118, 3, 0)
E5: Access(alloc118, 3, 0)
E5: Access(alloc118, 21, 0)
E5: Access(alloc104, 3, 1)
E2: Reborrow(t725, t521, s8)
E5: Access(alloc104, 2, 2)
E2: Reborrow(t726, t725, s8)
E3: Read(t726)
E5: Access(alloc104, 3, 2)
E5: Access(alloc104, 3, 2)
E3: Read(t529)
E3: Read(t529)
E3: Read(t529)
E4: Write(t522)
E4: Write(t522)
E4: Write(t522)
E3: Read(t521)
E5: Access(alloc104, 3, 2)
E4: Write(t522)
E5: Access(alloc104, 7, 0)
E5: Access(alloc104, 7, 0)
E5: Access(alloc104, 7, 0)
E1: Root Tag(alloc125, t727)
E3: Read(t522)
E4: Write(t727)
E3: Read(t727)
E3: Read(t727)
E1: Root Tag(alloc126, t728)
E4: Write(t728)
E4: Write(t728)
E2: Reborrow(t729, t728, s16)
E5: Access(alloc126, 2, 0)
E2: Reborrow(t730, t729, s16)
E5: Access(alloc126, 3, 0)
E2: Reborrow(t731, t730, s16)
E3: Read(t731)
E5: Access(alloc126, 4, 0)
E5: Access(alloc126, 4, 0)
E5: Access(alloc126, 4, 0)
E5: Access(alloc113, 52, 4)
E5: Access(alloc113, 52, 4)
E5: Access(alloc113, 52, 4)
E5: Access(alloc113, 60, 4)
E5: Access(alloc113, 52, 4)
E5: Access(alloc113, 52, 4)
E5: Access(alloc113, 52, 4)
E5: Access(alloc113, 52, 4)
E2: Reborrow(t732, t581, s544)
E5: Access(alloc113, 25, 4)
E5: Access(alloc113, 25, 4)
E5: Access(alloc113, 25, 4)
E5: Access(alloc113, 25, 4)
E5: Access(alloc113, 25, 4)
E5: Access(alloc113, 25, 4)
E5: Access(alloc113, 25, 4)
E5: Access(alloc113, 25, 4)
E2: Reborrow(t733, t732, s544)
E5: Access(alloc113, 26, 4)
E5: Access(alloc113, 26, 4)
E5: Access(alloc113, 26, 4)
E5: Access(alloc113, 26, 4)
E5: Access(alloc113, 26, 4)
E5: Access(alloc113, 26, 4)
E5: Access(alloc113, 26, 4)
E5: Access(alloc113, 26, 4)
E2: Reborrow(t734, t733, s544)
E5: Access(alloc113, 27, 4)
E5: Access(alloc113, 27, 4)
E5: Access(alloc113, 27, 4)
E5: Access(alloc113, 27, 4)
E5: Access(alloc113, 27, 4)
E5: Access(alloc113, 27, 4)
E5: Access(alloc113, 27, 4)
E5: Access(alloc113, 27, 4)
E2: Reborrow(t735, t734, s544)
E5: Access(alloc126, 4, 0)
E5: Access(alloc113, 28, 4)
E5: Access(alloc113, 28, 4)
E5: Access(alloc113, 28, 4)
E5: Access(alloc113, 28, 4)
E5: Access(alloc113, 28, 4)
E5: Access(alloc113, 28, 4)
E5: Access(alloc113, 28, 4)
E5: Access(alloc113, 28, 4)
E2: Reborrow(t736, t735, s544)
E5: Access(alloc113, 29, 4)
E5: Access(alloc113, 29, 4)
E2: Reborrow(t737, t736, s440)
E2: Reborrow(t738, t737, s0)
E3: Read(t727)
E2: Reborrow(t739, t738, s0)
E5: Access(alloc113, 32, 4)
E2: Reborrow(t740, t739, s40)
E5: Access(alloc113, 33, 4)
E2: Reborrow(t741, t740, s40)
E5: Access(alloc113, 34, 4)
E2: Reborrow(t742, t741, s40)
E5: Access(alloc113, 35, 4)
E2: Reborrow(t743, t742, s40)
E5: Access(alloc113, 32, 4)
E5: Access(alloc113, 36, 4)
E2: Reborrow(t744, t743, s40)
E5: Access(alloc113, 37, 4)
E2: Reborrow(t745, t744, s40)
E5: Access(alloc113, 38, 4)
E2: Reborrow(t746, t745, s40)
E5: Access(alloc113, 39, 4)
E2: Reborrow(t747, t746, s40)
E5: Access(alloc113, 40, 4)
E2: Reborrow(t748, t747, s40)
E5: Access(alloc113, 41, 4)
E5: Access(alloc113, 41, 4)
E2: Reborrow(t749, t748, s40)
E5: Access(alloc113, 42, 4)
E2: Reborrow(t750, t749, s40)
E5: Access(alloc113, 43, 4)
E2: Reborrow(t751, t750, s40)
E5: Access(alloc113, 44, 4)
E2: Reborrow(t752, t751, s40)
E5: Access(alloc113, 39, 4)
E5: Access(alloc113, 45, 4)
E2: Reborrow(t753, t752, s40)
E5: Access(alloc113, 46, 4)
E2: Reborrow(t754, t753, s40)
E5: Access(alloc113, 47, 4)
E2: Reborrow(t755, t754, s40)
E5: Access(alloc113, 48, 4)
E2: Reborrow(t756, t755, s40)
E5: Access(alloc113, 49, 4)
E2: Reborrow(t757, t756, s40)
E5: Access(alloc113, 50, 4)
E2: Reborrow(t758, t757, s40)
E5: Access(alloc113, 51, 4)
E2: Reborrow(t759, t758, s40)
E5: Access(alloc113, 52, 4)
E2: Reborrow(t760, t759, s40)
E5: Access(alloc113, 53, 4)
E2: Reborrow(t761, t760, s40)
E5: Access(alloc113, 54, 4)
E2: Reborrow(t762, t761, s40)
E5: Access(alloc113, 55, 4)
E2: Reborrow(t763, t762, s40)
E4: Write(t417)
E2: Reborrow(t764, t417, s48)
E3: Read(t764)
E5: Access(alloc97, 2, 0)
E5: Access(alloc97, 2, 0)
E5: Access(alloc97, 2, 0)
E5: Access(alloc97, 2, 0)
E2: Reborrow(t765, t418, s24)
E3: Read(t765)
E5: Access(alloc94, 2, 0)
E5: Access(alloc94, 2, 0)
E2: Reborrow(t766, t765, s16)
E5: Access(alloc94, 3, 0)
E2: Reborrow(t767, t766, s16)
E5: Access(alloc94, 4, 0)
E2: Reborrow(t768, t767, s16)
E3: Read(t768)
E5: Access(alloc94, 5, 0)
E5: Access(alloc94, 5, 0)
E2: Reborrow(t769, t768, s1)
E5: Access(alloc94, 6, 0)
E2: Reborrow(t770, t769, s1)
E5: Access(alloc94, 7, 0)
E2: Reborrow(t771, t770, s1)
E3: Read(t771)
E5: Access(alloc94, 8, 0)
E5: Access(alloc94, 8, 0)
E3: Read(t768)
E5: Access(alloc94, 5, 1)
E5: Access(alloc94, 5, 0)
E5: Access(alloc94, 5, 0)
E5: Access(alloc94, 5, 0)
E5: Access(alloc94, 3, 0)
E5: Access(alloc94, 3, 0)
E5: Access(alloc94, 3, 0)
E5: Access(alloc94, 2, 0)
E5: Access(alloc94, 2, 0)
E5: Access(alloc94, 2, 0)
E5: Access(alloc94, 2, 0)
E5: Access(alloc94, 8, 0)
E5: Access(alloc94, 8, 0)
E5: Access(alloc94, 8, 0)
E5: Access(alloc94, 8, 0)
E4: Write(t354)
E5: Access(alloc48, 2, 0)
E4: Write(t354)
E5: Access(alloc48, 2, 0)
E5: Access(alloc48, 1, 1)
E5: Access(alloc48, 1, 1)
E5: Access(alloc48, 1, 1)
E5: Access(alloc48, 1, 1)
E2: Reborrow(t772, t354, s152)
E1: Root Tag(alloc127, t352)
E5: Access(alloc50, 4, 0)
E5: Access(alloc50, 4, 0)
E2: Reborrow(t773, t353, s16)
E5: Access(alloc50, 2, 1)
E5: Access(alloc50, 2, 1)
E2: Reborrow(t774, t773, s16)
E1: Root Tag(alloc128, t778)
E5: Access(alloc50, 3, 1)
E5: Access(alloc50, 3, 1)
E2: Reborrow(t779, t774, s16)
E1: Root Tag(alloc129, t777)
E3: Read(t779)
E5: Access(alloc50, 4, 1)
E4: Write(t777)
E3: Read(t779)
E5: Access(alloc50, 4, 1)
E2: Reborrow(t780, t777, s8)
E1: Root Tag(alloc130, t776)
E4: Write(t776)
E2: Reborrow(t781, t776, s8)
E5: Access(alloc129, 2, 0)
E2: Reborrow(t782, t780, s8)
E5: Access(alloc130, 2, 0)
E2: Reborrow(t783, t781, s8)
E3: Read(t782)
E5: Access(alloc129, 3, 0)
E3: Read(t783)
E5: Access(alloc130, 3, 0)
E5: Access(alloc130, 3, 0)
E5: Access(alloc129, 3, 0)
E5: Access(alloc130, 3, 0)
E3: Read(t777)
E5: Access(alloc129, 1, 1)
E4: Write(t779)
E5: Access(alloc50, 7, 0)
E1: Root Tag(alloc131, t775)
E4: Write(t775)
E2: Reborrow(t784, t775, s8)
E5: Access(alloc131, 2, 0)
E2: Reborrow(t785, t784, s8)
E3: Read(t785)
E5: Access(alloc131, 3, 0)
E5: Access(alloc131, 3, 0)
E4: Write(t778)
E3: Read(t778)
E5: Access(alloc131, 3, 0)
E5: Access(alloc129, 3, 0)
E5: Access(alloc50, 4, 1)
E5: Access(alloc50, 4, 1)
E4: Write(t352)
E3: Read(t352)
E5: Access(alloc48, 1, 2)
E5: Access(alloc48, 1, 2)
E5: Access(alloc48, 1, 2)
E5: Access(alloc48, 1, 2)
E2: Reborrow(t786, t354, s152)
E3: Read(t354)
E5: Access(alloc48, 1, 3)
E4: Write(t354)
E5: Access(alloc48, 3, 1)
E4: Write(t354)
E5: Access(alloc48, 3, 1)
E5: Access(alloc48, 1, 3)
E5: Access(alloc48, 1, 3)
E5: Access(alloc48, 1, 3)
E5: Access(alloc48, 1, 3)
E2: Reborrow(t787, t354, s152)
E1: Root Tag(alloc132, t352)
E5: Access(alloc50, 4, 1)
E5: Access(alloc50, 4, 1)
E2: Reborrow(t788, t353, s16)
E5: Access(alloc50, 2, 2)
E5: Access(alloc50, 2, 2)
E2: Reborrow(t789, t788, s16)
E1: Root Tag(alloc133, t793)
E5: Access(alloc50, 3, 2)
E5: Access(alloc50, 3, 2)
E2: Reborrow(t794, t789, s16)
E1: Root Tag(alloc134, t792)
E3: Read(t794)
E5: Access(alloc50, 4, 2)
E4: Write(t792)
E3: Read(t794)
E5: Access(alloc50, 4, 2)
E2: Reborrow(t795, t792, s8)
E1: Root Tag(alloc135, t791)
E4: Write(t791)
E2: Reborrow(t796, t791, s8)
E5: Access(alloc134, 2, 0)
E2: Reborrow(t797, t795, s8)
E5: Access(alloc135, 2, 0)
E2: Reborrow(t798, t796, s8)
E3: Read(t797)
E5: Access(alloc134, 3, 0)
E3: Read(t798)
E5: Access(alloc135, 3, 0)
E5: Access(alloc135, 3, 0)
E5: Access(alloc134, 3, 0)
E5: Access(alloc135, 3, 0)
E5: Access(alloc134, 3, 0)
E5: Access(alloc50, 4, 2)
E5: Access(alloc50, 4, 2)
E4: Write(t352)
E5: Access(alloc50, 7, 1)
E5: Access(alloc50, 10, 0)
E5: Access(alloc48, 2, 3)
E5: Access(alloc48, 5, 0)
E5: Access(alloc48, 2, 3)
E5: Access(alloc48, 5, 0)
E5: Access(alloc41, 5, 0)
E3: Read(t236)
E3: Read(t236)
E2: Reborrow(t799, t247, s0)
E2: Reborrow(t800, t799, s0)
E2: Reborrow(t801, t800, s0)
E2: Reborrow(t803, t801, s0)
E1: Root Tag(alloc136, t802)
E2: Reborrow(t804, t803, s0)
E2: Reborrow(t805, t804, s0)
E2: Reborrow(t806, t805, s0)
E2: Reborrow(t807, t806, s0)
E2: Reborrow(t808, t807, s0)
E4: Write(t802)
E4: Write(t802)
E2: Reborrow(t809, t802, s16)
E5: Access(alloc136, 2, 0)
E2: Reborrow(t810, t809, s16)
E5: Access(alloc136, 3, 0)
E2: Reborrow(t811, t810, s16)
E5: Access(alloc136, 4, 0)
E2: Reborrow(t812, t811, s16)
E5: Access(alloc136, 5, 0)
E2: Reborrow(t813, t812, s16)
E5: Access(alloc136, 6, 0)
E2: Reborrow(t814, t813, s16)
E5: Access(alloc136, 7, 0)
E2: Reborrow(t815, t814, s16)
E5: Access(alloc136, 6, 0)
E5: Access(alloc136, 8, 0)
E2: Reborrow(t816, t815, s16)
E3: Read(t816)
E5: Access(alloc136, 9, 0)
E3: Read(t816)
E5: Access(alloc136, 9, 0)
E2: Reborrow(t817, t808, s0)
E2: Reborrow(t818, t817, s0)
E5: Access(alloc136, 4, 0)
E5: Access(alloc136, 4, 0)
E2: Reborrow(t819, t818, s0)
E2: Reborrow(t820, t819, s0)
E2: Reborrow(t821, t820, s0)
E2: Reborrow(t822, t821, s0)
E5: Access(alloc8, 32, 0)
E2: Reborrow(t823, t822, s8)
E3: Read(t823)
E5: Access(alloc8, 33, 0)
E1: Root Tag(alloc137, t824)
E4: Write(t824)
E2: Reborrow(t825, t824, s4)
E8: Exposed (t825, alloc137)
E5: WC Access(alloc137, 2, 0)
E2: Reborrow(t826, tw, s4)
E5: Access(alloc137, 1, 0)
E5: WC Access(alloc137, 2, 0)
E2: Reborrow(t827, t826, s4)
E5: Access(alloc137, 2, 0)
E5: WC Access(alloc137, 2, 0)
E2: Reborrow(t828, t827, s4)
E5: Access(alloc137, 3, 0)
E5: WC Access(alloc137, 2, 0)
E2: Reborrow(t829, t828, s4)
E8: Exposed (t829, alloc137)
E5: Access(alloc137, 3, 1)
E5: WC Access(alloc137, 2, 0)
E2: Reborrow(t830, t827, s4)
E5: Access(alloc137, 3, 1)
E5: WC Access(alloc137, 2, 0)
E2: Reborrow(t831, t830, s4)
E4: Write(tw)
E5: WC Access(alloc137, 2, 0)
E5: WC Access(alloc137, 6, 0)
E3: Read(t829)
E5: Access(alloc137, 4, 1)
E5: WC Access(alloc137, 2, 0)
E3: Read(t831)
E5: Access(alloc137, 1, 0)
32)
E4: Write(t832)
E4: Write(t832)
E2: Reborrow(t833, t832, s16)
E5: Access(alloc139, 2, 0)
E2: Reborrow(t834, t833, s16)
E3: Read(t834)
E5: Access(alloc139, 3, 0)
E5: Access(alloc139, 3, 0)
E5: Access(alloc139, 3, 0)
E5: Access(alloc139, 1, 1)
E2: Reborrow(t835, t832, s16)
E5: Access(alloc139, 2, 1)
E2: Reborrow(t836, t835, s16)
E3: Read(t836)
E5: Access(alloc139, 3, 1)
E5: Access(alloc139, 3, 1)
E5: Access(alloc139, 3, 1)
E5: Access(alloc139, 1, 2)
E2: Reborrow(t837, t832, s16)
E5: Access(alloc139, 2, 2)
E2: Reborrow(t838, t837, s16)
E3: Read(t838)
E5: Access(alloc139, 3, 2)
E5: Access(alloc139, 3, 2)
E5: Access(alloc139, 3, 2)
E5: Access(alloc139, 1, 3)
E2: Reborrow(t839, t832, s16)
E5: Access(alloc139, 2, 3)
E2: Reborrow(t840, t839, s16)
E3: Read(t840)
E5: Access(alloc139, 3, 3)
E5: Access(alloc139, 3, 3)
E5: Access(alloc139, 3, 3)
E1: Root Tag(alloc140, t841)
E5: Access(alloc139, 9, 0)
E5: Access(alloc138, 5, 0)
E8: Exposed (t841, alloc140)
E8: Exposed (t841, alloc140)
E8: Exposed (t841, alloc140)
E8: Exposed (t841, alloc140)
E5: Access(alloc137, 3, 0)
E8: Exposed (t841, alloc140)
E4: Write(t841)
E5: Access(alloc140, 1, 0)
E5: Access(alloc140, 1, 0)
E2: Reborrow(t842, t841, s4)
E5: Access(alloc140, 2, 0)
E2: Reborrow(t843, t842, s4)
E5: Access(alloc140, 3, 0)
E2: Reborrow(t844, t843, s4)
E5: Access(alloc140, 4, 0)
E2: Reborrow(t845, t844, s4)
E5: Access(alloc140, 5, 0)
E2: Reborrow(t847, t845, s4)
E1: Root Tag(alloc141, t846)
E5: Access(alloc140, 6, 0)
E2: Reborrow(t848, t847, s4)
E5: Access(alloc140, 7, 0)
E2: Reborrow(t849, t848, s4)
E5: Access(alloc140, 8, 0)
E2: Reborrow(t850, t849, s4)
E5: Access(alloc140, 9, 0)
E2: Reborrow(t851, t850, s4)
E5: Access(alloc140, 10, 0)
E2: Reborrow(t852, t851, s4)
E5: Access(alloc140, 10, 0)
E5: Access(alloc140, 8, 0)
E4: Write(t846)
E2: Reborrow(t853, t846, s8)
E5: Access(alloc141, 2, 0)
E2: Reborrow(t854, t853, s8)
E5: Access(alloc141, 3, 0)
E2: Reborrow(t855, t854, s8)
E5: Access(alloc141, 4, 0)
E2: Reborrow(t856, t855, s8)
E5: Access(alloc141, 5, 0)
E2: Reborrow(t857, t856, s8)
E5: Access(alloc141, 6, 0)
E2: Reborrow(t858, t857, s8)
E5: Access(alloc141, 7, 0)
E2: Reborrow(t859, t858, s8)
E5: Access(alloc141, 5, 0)
E5: Access(alloc141, 8, 0)
E2: Reborrow(t860, t859, s8)
E5: Access(alloc141, 9, 0)
E2: Reborrow(t861, t860, s8)
E5: Access(alloc141, 10, 0)
E2: Reborrow(t862, t861, s8)
E5: Access(alloc141, 3, 0)
E5: Access(alloc141, 11, 0)
E2: Reborrow(t863, t862, s8)
E3: Read(t863)
E5: Access(alloc141, 12, 0)
E5: Access(alloc141, 12, 0)
E2: Reborrow(t864, t846, s8)
E5: Access(alloc141, 2, 1)
E2: Reborrow(t865, t864, s8)
E5: Access(alloc141, 3, 1)
E2: Reborrow(t866, t865, s8)
E5: Access(alloc141, 4, 1)
E2: Reborrow(t867, t866, s8)
E5: Access(alloc141, 5, 1)
E2: Reborrow(t868, t867, s8)
E5: Access(alloc141, 6, 1)
E2: Reborrow(t869, t868, s8)
E5: Access(alloc141, 5, 1)
E5: Access(alloc141, 7, 1)
E2: Reborrow(t870, t869, s8)
E5: Access(alloc141, 8, 1)
E2: Reborrow(t871, t870, s8)
E5: Access(alloc141, 3, 1)
E5: Access(alloc141, 9, 1)
E2: Reborrow(t872, t871, s8)
E2: Reborrow(t873, t872, s0)
E5: Access(alloc141, 22, 0)
E5: Access(alloc140, 6, 0)
E5: Access(alloc140, 11, 0)
E2: Reborrow(t874, t852, s4)
E5: Access(alloc140, 12, 0)
E2: Reborrow(t875, t874, s4)
E5: Access(alloc140, 13, 0)
E2: Reborrow(t876, t875, s4)
E5: Access(alloc140, 14, 0)
E2: Reborrow(t877, t876, s4)
E5: Access(alloc140, 4, 0)
E5: Access(alloc140, 15, 0)
E2: Reborrow(t878, t877, s4)
E5: Access(alloc140, 16, 0)
E2: Reborrow(t879, t878, s4)
E5: Access(alloc140, 17, 0)
E2: Reborrow(t880, t879, s4)
E8: Exposed (t880, alloc140)
E5: WC Access(alloc140, 18, 0)
E2: Reborrow(t881, tw, s4)
E5: Access(alloc140, 1, 0)
E5: WC Access(alloc140, 18, 0)
E2: Reborrow(t882, t881, s4)
E5: Access(alloc140, 2, 0)
E5: WC Access(alloc140, 18, 0)
E2: Reborrow(t883, t882, s4)
E1: Root Tag(alloc142, t884)
E4: Write(t884)
E5: Access(alloc140, 3, 0)
E5: WC Access(alloc140, 18, 0)
E2: Reborrow(t885, t883, s4)
E2: Reborrow(t886, t884, s8)
E3: Read(t886)
E5: Access(alloc142, 2, 0)
E5: Access(alloc142, 2, 0)
E2: Reborrow(t887, t886, s8)
E5: Access(alloc142, 3, 0)
E2: Reborrow(t889, t887, s8)
E3: Read(t889)
E5: Access(alloc142, 4, 0)
E1: Root Tag(alloc143, t888)
E4: Write(t888)
E4: Write(t888)
E2: Reborrow(t890, t888, s16)
E5: Access(alloc143, 2, 0)
E2: Reborrow(t891, t890, s16)
E3: Read(t891)
E5: Access(alloc143, 3, 0)
E5: Access(alloc143, 3, 0)
E5: Access(alloc143, 3, 0)
E2: Reborrow(t892, t889, s0)
E3: Read(t888)
E5: Access(alloc143, 1, 1)
E3: Read(t888)
E5: Access(alloc143, 1, 1)
E2: Reborrow(t893, t892, s0)
E2: Reborrow(t894, t893, s0)
E2: Reborrow(t895, t894, s0)
E1: Root Tag(alloc144, t896)
E4: Write(t896)
E4: Write(t896)
E2: Reborrow(t897, t896, s16)
E5: Access(alloc144, 2, 0)
E2: Reborrow(t898, t897, s16)
E3: Read(t898)
E5: Access(alloc144, 3, 0)
E5: Access(alloc144, 3, 0)
E5: Access(alloc144, 3, 0)
E3: Read(t896)
E5: Access(alloc144, 1, 1)
E3: Read(t896)
E5: Access(alloc144, 1, 1)
E1: Root Tag(alloc145, t899)
E4: Write(t899)
E4: Write(t899)
E2: Reborrow(t900, t899, s16)
E5: Access(alloc145, 2, 0)
E2: Reborrow(t901, t900, s16)
E3: Read(t901)
E5: Access(alloc145, 3, 0)
E5: Access(alloc145, 3, 0)
E5: Access(alloc145, 3, 0)
E5: Access(alloc145, 1, 1)
E2: Reborrow(t902, t899, s16)
E5: Access(alloc145, 2, 1)
E2: Reborrow(t903, t902, s16)
E3: Read(t903)
E5: Access(alloc145, 3, 1)
E5: Access(alloc145, 3, 1)
E5: Access(alloc145, 3, 1)
E5: Access(alloc140, 4, 0)
E5: WC Access(alloc140, 18, 0)
